Component: ARM Compiler 5.06 update 7 (build 960) Tool: armlink [4d3601]

==============================================================================

Section Cross References

    main.o(i.SystemClock_Config) refers to _printf_percent.o(.ARM.Collect$$_printf_percent$$00000000) for _printf_percent
    main.o(i.SystemClock_Config) refers to _printf_d.o(.ARM.Collect$$_printf_percent$$00000009) for _printf_d
    main.o(i.SystemClock_Config) refers to _printf_s.o(.ARM.Collect$$_printf_percent$$00000014) for _printf_s
    main.o(i.SystemClock_Config) refers to _printf_dec.o(.text) for _printf_int_dec
    main.o(i.SystemClock_Config) refers to _printf_str.o(.text) for _printf_str
    main.o(i.SystemClock_Config) refers to rt_memclr_w.o(.text) for __aeabi_memclr4
    main.o(i.SystemClock_Config) refers to stm32f1xx_hal_rcc.o(i.HAL_RCC_OscConfig) for HAL_RCC_OscConfig
    main.o(i.SystemClock_Config) refers to noretval__2printf.o(.text) for __2printf
    main.o(i.SystemClock_Config) refers to stm32f1xx_hal_rcc.o(i.HAL_RCC_ClockConfig) for HAL_RCC_ClockConfig
    main.o(i.main) refers to stm32f1xx_hal.o(i.HAL_Init) for HAL_Init
    main.o(i.main) refers to main.o(i.SystemClock_Config) for SystemClock_Config
    main.o(i.main) refers to log_debug.o(i.log_debug_init) for log_debug_init
    main.o(i.main) refers to noretval__2printf.o(.text) for __2printf
    main.o(i.main) refers to nrf24l01_app.o(i.nrf24l01_thread_app_init) for nrf24l01_thread_app_init
    main.o(i.main) refers to car_control_app.o(i.car_control_thread_app_init) for car_control_thread_app_init
    main.o(i.main) refers to cmsis_os2.o(i.osKernelInitialize) for osKernelInitialize
    main.o(i.main) refers to cmsis_os2.o(i.osKernelStart) for osKernelStart
    stm32f1xx_it.o(i.EXTI2_IRQHandler) refers to nrf24l01.o(i.nrf24l01_data_ready_callback) for nrf24l01_data_ready_callback
    stm32f1xx_it.o(i.SysTick_Handler) refers to stm32f1xx_hal.o(i.HAL_IncTick) for HAL_IncTick
    stm32f1xx_it.o(i.SysTick_Handler) refers to tasks.o(i.xTaskGetSchedulerState) for xTaskGetSchedulerState
    stm32f1xx_it.o(i.SysTick_Handler) refers to port.o(i.xPortSysTickHandler) for xPortSysTickHandler
    stm32f1xx_hal_msp.o(i.HAL_MspInit) refers to stm32f1xx_hal_cortex.o(i.HAL_NVIC_SetPriority) for HAL_NVIC_SetPriority
    nrf24l01_app.o(i.nrf24l01_get_chunk_data) refers to cmsis_os2.o(i.osMessageQueueGet) for osMessageQueueGet
    nrf24l01_app.o(i.nrf24l01_get_chunk_data) refers to nrf24l01_app.o(.data) for .data
    nrf24l01_app.o(i.nrf24l01_thread_app_init) refers to cmsis_os2.o(i.osThreadNew) for osThreadNew
    nrf24l01_app.o(i.nrf24l01_thread_app_init) refers to nrf24l01_app.o(.constdata) for .constdata
    nrf24l01_app.o(i.nrf24l01_thread_app_init) refers to nrf24l01_app.o(i.nrf24l01_thread_entry) for nrf24l01_thread_entry
    nrf24l01_app.o(i.nrf24l01_thread_app_init) refers to nrf24l01_app.o(.data) for .data
    nrf24l01_app.o(i.nrf24l01_thread_entry) refers to _printf_percent.o(.ARM.Collect$$_printf_percent$$00000000) for _printf_percent
    nrf24l01_app.o(i.nrf24l01_thread_entry) refers to _printf_d.o(.ARM.Collect$$_printf_percent$$00000009) for _printf_d
    nrf24l01_app.o(i.nrf24l01_thread_entry) refers to _printf_dec.o(.text) for _printf_int_dec
    nrf24l01_app.o(i.nrf24l01_thread_entry) refers to cmsis_os2.o(i.osMessageQueueNew) for osMessageQueueNew
    nrf24l01_app.o(i.nrf24l01_thread_entry) refers to nrf24l01.o(i.nrf24l01_init) for nrf24l01_init
    nrf24l01_app.o(i.nrf24l01_thread_entry) refers to stm32f1xx_hal.o(i.HAL_GetTick) for HAL_GetTick
    nrf24l01_app.o(i.nrf24l01_thread_entry) refers to noretval__2printf.o(.text) for __2printf
    nrf24l01_app.o(i.nrf24l01_thread_entry) refers to cmsis_os2.o(i.osDelay) for osDelay
    nrf24l01_app.o(i.nrf24l01_thread_entry) refers to nrf24l01.o(i.nrf24l01_read_data_fifo) for nrf24l01_read_data_fifo
    nrf24l01_app.o(i.nrf24l01_thread_entry) refers to cmsis_os2.o(i.osMessageQueuePut) for osMessageQueuePut
    nrf24l01_app.o(i.nrf24l01_thread_entry) refers to cmsis_os2.o(i.osMessageQueueReset) for osMessageQueueReset
    nrf24l01_app.o(i.nrf24l01_thread_entry) refers to nrf24l01_app.o(.bss) for .bss
    nrf24l01_app.o(i.nrf24l01_thread_entry) refers to nrf24l01_app.o(.data) for .data
    nrf24l01_app.o(.constdata) refers to nrf24l01_app.o(.conststring) for .conststring
    car_control_app.o(i.car_control_thread_app_init) refers to cmsis_os2.o(i.osThreadNew) for osThreadNew
    car_control_app.o(i.car_control_thread_app_init) refers to car_control_app.o(.constdata) for .constdata
    car_control_app.o(i.car_control_thread_app_init) refers to car_control_app.o(i.car_control_thread_entry) for car_control_thread_entry
    car_control_app.o(i.car_control_thread_app_init) refers to car_control_app.o(.data) for .data
    car_control_app.o(i.car_control_thread_entry) refers to _printf_percent.o(.ARM.Collect$$_printf_percent$$00000000) for _printf_percent
[...]
    i.xQueueReceive                          0x08004424   Section        0  queue.o(i.xQueueReceive)
    i.xQueueReceiveFromISR                   0x0800455c   Section        0  queue.o(i.xQueueReceiveFromISR)
    i.xTaskCheckForTimeOut                   0x080045f8   Section        0  tasks.o(i.xTaskCheckForTimeOut)
    i.xTaskCreate                            0x0800466c   Section        0  tasks.o(i.xTaskCreate)
    i.xTaskCreateStatic                      0x080046c6   Section        0  tasks.o(i.xTaskCreateStatic)
    i.xTaskGetSchedulerState                 0x0800471c   Section        0  tasks.o(i.xTaskGetSchedulerState)
    i.xTaskGetTickCount                      0x08004738   Section        0  tasks.o(i.xTaskGetTickCount)
    i.xTaskIncrementTick                     0x08004744   Section        0  tasks.o(i.xTaskIncrementTick)
    i.xTaskPriorityDisinherit                0x0800480c   Section        0  tasks.o(i.xTaskPriorityDisinherit)
    i.xTaskRemoveFromEventList               0x0800488c   Section        0  tasks.o(i.xTaskRemoveFromEventList)
    i.xTaskResumeAll                         0x080048fc   Section        0  tasks.o(i.xTaskResumeAll)
    i.xTimerCreateTimerTask                  0x080049c0   Section        0  timers.o(i.xTimerCreateTimerTask)
    i.xTimerGenericCommand                   0x08004a20   Section        0  timers.o(i.xTimerGenericCommand)
    .constdata                               0x08004a88   Section       36  nrf24l01_app.o(.constdata)
    nrf24l01_thread_attr                     0x08004a88   Data          36  nrf24l01_app.o(.constdata)
    .constdata                               0x08004aac   Section       36  car_control_app.o(.constdata)
    car_control_thread_attr                  0x08004aac   Data          36  car_control_app.o(.constdata)
    .constdata                               0x08004ad0   Section       16  system_stm32f1xx.o(.constdata)
    .constdata                               0x08004ae0   Section        8  system_stm32f1xx.o(.constdata)
    .constdata                               0x08004ae8   Section        4  sys_io.o(.constdata)
    .constdata                               0x08004aec   Section        4  sys_io.o(.constdata)
    .constdata                               0x08004af0   Section        4  sys_io.o(.constdata)
    .conststring                             0x08004af4   Section       16  nrf24l01_app.o(.conststring)
    .conststring                             0x08004b04   Section       19  car_control_app.o(.conststring)
    .data                                    0x20000000   Section        8  nrf24l01_app.o(.data)
    nrf24l01_thread_handle                   0x20000000   Data           4  nrf24l01_app.o(.data)
    nrf24l01_msg_queue_id                    0x20000004   Data           4  nrf24l01_app.o(.data)
    .data                                    0x20000008   Section        4  car_control_app.o(.data)
    car_control_thread_handle                0x20000008   Data           4  car_control_app.o(.data)
    .data                                    0x2000000c   Section        8  nrf24l01.o(.data)
    nrf24l01_adrr                            0x2000000c   Data           4  nrf24l01.o(.data)
    nrf24l01_data_sem                        0x20000010   Data           4  nrf24l01.o(.data)
    .data                                    0x20000014   Section       12  stm32f1xx_hal.o(.data)
    .data                                    0x20000020   Section        4  system_stm32f1xx.o(.data)
    .data                                    0x20000024   Section       60  tasks.o(.data)
    pxDelayedTaskList                        0x20000028   Data           4  tasks.o(.data)
    pxOverflowDelayedTaskList                0x2000002c   Data           4  tasks.o(.data)
    uxDeletedTasksWaitingCleanUp             0x20000030   Data           4  tasks.o(.data)
    uxCurrentNumberOfTasks                   0x20000034   Data           4  tasks.o(.data)
    xTickCount                               0x20000038   Data           4  tasks.o(.data)
    uxTopReadyPriority                       0x2000003c   Data           4  tasks.o(.data)
    xSchedulerRunning                        0x20000040   Data           4  tasks.o(.data)
    uxPendedTicks                            0x20000044   Data           4  tasks.o(.data)
    xYieldPending                            0x20000048   Data           4  tasks.o(.data)
    xNumOfOverflows                          0x2000004c   Data           4  tasks.o(.data)
    uxTaskNumber                             0x20000050   Data           4  tasks.o(.data)
    xNextTaskUnblockTime                     0x20000054   Data           4  tasks.o(.data)
    xIdleTaskHandle                          0x20000058   Data           4  tasks.o(.data)
    uxSchedulerSuspended                     0x2000005c   Data           4  tasks.o(.data)
    .data                                    0x20000060   Section       20  timers.o(.data)
    pxCurrentTimerList                       0x20000060   Data           4  timers.o(.data)
    pxOverflowTimerList                      0x20000064   Data           4  timers.o(.data)
    xTimerQueue                              0x20000068   Data           4  timers.o(.data)
    xTimerTaskHandle                         0x2000006c   Data           4  timers.o(.data)
    xLastTime                                0x20000070   Data           4  timers.o(.data)
    .data                                    0x20000074   Section        4  cmsis_os2.o(.data)
    KernelState                              0x20000074   Data           4  cmsis_os2.o(.data)
    .data                                    0x20000078   Section       24  heap_4.o(.data)
    pxEnd                                    0x20000078   Data           4  heap_4.o(.data)
    xFreeBytesRemaining                      0x2000007c   Data           4  heap_4.o(.data)
    xMinimumEverFreeBytesRemaining           0x20000080   Data           4  heap_4.o(.data)
    xBlockAllocatedBit                       0x20000084   Data           4  heap_4.o(.data)
    xStart                                   0x20000088   Data           8  heap_4.o(.data)
    .data                                    0x20000090   Section       12  port.o(.data)
    ucMaxSysCallPriority                     0x20000090   Data           1  port.o(.data)
    uxCriticalNesting                        0x20000094   Data           4  port.o(.data)
    ulMaxPRIGROUPValue                       0x20000098   Data           4  port.o(.data)
    .data                                    0x2000009c   Section        4  stdio_streams.o(.data)
    .data                                    0x200000a0   Section        4  stdio_streams.o(.data)
    .data                                    0x200000a4   Section        4  stdio_streams.o(.data)
    .bss                                     0x200000a8   Section      164  nrf24l01_app.o(.bss)
    nrf24l01_msg_data                        0x200000a8   Data          60  nrf24l01_app.o(.bss)
    nrf24l01_msg_queue_attr                  0x200000e4   Data          24  nrf24l01_app.o(.bss)
    xQueueBuffer                             0x200000fc   Data          80  nrf24l01_app.o(.bss)
    .bss                                     0x2000014c   Section       88  nrf24l01.o(.bss)
    .bss                                     0x200001a4   Section       72  car_control.o(.bss)
    .bss                                     0x200001ec   Section       68  log_debug.o(.bss)
    .bss                                     0x20000230   Section       64  queue.o(.bss)
    .bss                                     0x20000270   Section     1220  tasks.o(.bss)
    pxReadyTasksLists                        0x20000270   Data        1120  tasks.o(.bss)
    xDelayedTaskList1                        0x200006d0   Data          20  tasks.o(.bss)
    xDelayedTaskList2                        0x200006e4   Data          20  tasks.o(.bss)
    xPendingReadyList                        0x200006f8   Data          20  tasks.o(.bss)
    xTasksWaitingTermination                 0x2000070c   Data          20  tasks.o(.bss)
    xSuspendedTaskList                       0x20000720   Data          20  tasks.o(.bss)
    .bss                                     0x20000734   Section      280  timers.o(.bss)
    xActiveTimerList1                        0x20000734   Data          20  timers.o(.bss)
    xActiveTimerList2                        0x20000748   Data          20  timers.o(.bss)
    xStaticTimerQueue                        0x2000075c   Data          80  timers.o(.bss)
    ucStaticTimerQueueStorage                0x200007ac   Data         160  timers.o(.bss)
    .bss                                     0x2000084c   Section     1720  cmsis_os2.o(.bss)
    Idle_TCB                                 0x2000084c   Data          92  cmsis_os2.o(.bss)
    Idle_Stack                               0x200008a8   Data         512  cmsis_os2.o(.bss)
    Timer_TCB                                0x20000aa8   Data          92  cmsis_os2.o(.bss)
    Timer_Stack                              0x20000b04   Data        1024  cmsis_os2.o(.bss)
    .bss                                     0x20000f04   Section     3072  heap_4.o(.bss)
    ucHeap                                   0x20000f04   Data        3072  heap_4.o(.bss)
    .bss                                     0x20001b04   Section       84  stdio_streams.o(.bss)
    .bss                                     0x20001b58   Section       84  stdio_streams.o(.bss)
    .bss                                     0x20001bac   Section       84  stdio_streams.o(.bss)
    .bss                                     0x20001c00   Section       96  libspace.o(.bss)
    HEAP                                     0x20001c60   Section      512  startup_stm32f103xb.o(HEAP)
    Heap_Mem                                 0x20001c60   Data         512  startup_stm32f103xb.o(HEAP)
    STACK                                    0x20001e60   Section     1024  startup_stm32f103xb.o(STACK)
    Stack_Mem                                0x20001e60   Data        1024  startup_stm32f103xb.o(STACK)
    __initial_sp                             0x20002260   Data           0  startup_stm32f103xb.o(STACK)

    Global Symbols

    Symbol Name                              Value     Ov Type        Size  Object(Section)

    BuildAttributes$$THM_ISAv4$P$D$K$B$S$PE$A:L22UL41UL21$X:L11$S22US41US21$IEEE1$IW$USESV6$~STKCKD$USESV7$~SHL$OTIME$ROPI$EBA8$UX$STANDARDLIB$REQ8$PRES8$EABIv2 0x00000000   Number         0  anon$$obj.o ABSOLUTE
    __ARM_use_no_argv                        0x00000000   Number         0  main.o ABSOLUTE
    __ARM_exceptions_init                     - Undefined Weak Reference
    __alloca_initialize                       - Undefined Weak Reference
    __arm_fini_                               - Undefined Weak Reference
    __arm_preinit_                            - Undefined Weak Reference
    __cpp_initialize__aeabi_                  - Undefined Weak Reference
    __cxa_finalize                            - Undefined Weak Reference
    __rt_locale                               - Undefined Weak Reference
    __sigvec_lookup                           - Undefined Weak Reference
    __user_heap_extent                        - Undefined Weak Reference
    _atexit_init                              - Undefined Weak Reference
    _call_atexit_fns                          - Undefined Weak Reference
    _clock_init                               - Undefined Weak Reference
    _fp_trap_init                             - Undefined Weak Reference
    _fp_trap_shutdown                         - Undefined Weak Reference
    _get_lc_collate                           - Undefined Weak Reference
    _get_lc_ctype                             - Undefined Weak Reference
    _get_lc_monetary                          - Undefined Weak Reference
    _get_lc_numeric                           - Undefined Weak Reference
    _get_lc_time                              - Undefined Weak Reference
    _getenv_init                              - Undefined Weak Reference
    _handle_redirection                       - Undefined Weak Reference
    _mutex_acquire                            - Undefined Weak Reference
    _mutex_free                               - Undefined Weak Reference
    _mutex_release                            - Undefined Weak Reference
    _printf_mbtowc                            - Undefined Weak Reference
    _printf_post_padding                      - Undefined Weak Reference
    _printf_pre_padding                       - Undefined Weak Reference
    _printf_truncate_signed                   - Undefined Weak Reference
    _printf_truncate_unsigned                 - Undefined Weak Reference
    _rand_init                                - Undefined Weak Reference
    _signal_finish                            - Undefined Weak Reference
    _signal_init                              - Undefined Weak Reference
    __Vectors_Size                           0x000000ec   Number         0  startup_stm32f103xb.o ABSOLUTE
    __Vectors                                0x08000000   Data           4  startup_stm32f103xb.o(RESET)
    __Vectors_End                            0x080000ec   Data           0  startup_stm32f103xb.o(RESET)
    __main                                   0x080000ed   Thumb Code     8  __main.o(!!!main)
    __scatterload                            0x080000f5   Thumb Code     0  __scatter.o(!!!scatter)
    __scatterload_rt2                        0x080000f5   Thumb Code    44  __scatter.o(!!!scatter)
    __scatterload_rt2_thumb_only             0x080000f5   Thumb Code     0  __scatter.o(!!!scatter)
    __scatterload_null                       0x08000103   Thumb Code     0  __scatter.o(!!!scatter)
    __scatterload_copy                       0x08000129   Thumb Code    26  __scatter_copy.o(!!handler_copy)
    __scatterload_zeroinit                   0x08000145   Thumb Code    28  __scatter_zi.o(!!handler_zi)
    _printf_d                                0x08000161   Thumb Code     0  _printf_d.o(.ARM.Collect$$_printf_percent$$00000009)
    _printf_percent                          0x08000161   Thumb Code     0  _printf_percent.o(.ARM.Collect$$_printf_percent$$00000000)
    _printf_s                                0x08000167   Thumb Code     0  _printf_s.o(.ARM.Collect$$_printf_percent$$00000014)
    _printf_percent_end                      0x0800016d   Thumb Code     0  _printf_percent_end.o(.ARM.Collect$$_printf_percent$$00000017)
    __rt_lib_init                            0x08000171   Thumb Code     0  libinit.o(.ARM.Collect$$libinit$$00000000)
    __rt_lib_init_fp_1                       0x08000173   Thumb Code     0  libinit2.o(.ARM.Collect$$libinit$$00000002)
    __rt_lib_init_heap_2                     0x08000173   Thumb Code     0  libinit2.o(.ARM.Collect$$libinit$$00000005)
    __rt_lib_init_preinit_1                  0x08000173   Thumb Code     0  libinit2.o(.ARM.Collect$$libinit$$00000004)
    __rt_lib_init_atexit_1                   0x0800017b   Thumb Code     0  libinit2.o(.ARM.Collect$$libinit$$0000001B)
    __rt_lib_init_clock_1                    0x0800017b   Thumb Code     0  libinit2.o(.ARM.Collect$$libinit$$00000021)
    __rt_lib_init_fp_trap_1                  0x0800017b   Thumb Code     0  libinit2.o(.ARM.Collect$$libinit$$0000001F)
    __rt_lib_init_getenv_1                   0x0800017b   Thumb Code     0  libinit2.o(.ARM.Collect$$libinit$$00000023)
    __rt_lib_init_heap_1                     0x0800017b   Thumb Code     0  libinit2.o(.ARM.Collect$$libinit$$0000000A)
    __rt_lib_init_lc_collate_1               0x0800017b   Thumb Code     0  libinit2.o(.ARM.Collect$$libinit$$00000011)
    __rt_lib_init_lc_ctype_1                 0x0800017b   Thumb Code     0  libinit2.o(.ARM.Collect$$libinit$$00000013)
    __rt_lib_init_lc_monetary_1              0x0800017b   Thumb Code     0  libinit2.o(.ARM.Collect$$libinit$$00000015)
    __rt_lib_init_lc_numeric_1               0x0800017b   Thumb Code     0  libinit2.o(.ARM.Collect$$libinit$$00000017)
    __rt_lib_init_lc_time_1                  0x0800017b   Thumb Code     0  libinit2.o(.ARM.Collect$$libinit$$00000019)
    __rt_lib_init_rand_1                     0x0800017b   Thumb Code     0  libinit2.o(.ARM.Collect$$libinit$$0000000E)
    __rt_lib_init_signal_1                   0x0800017b   Thumb Code     0  libinit2.o(.ARM.Collect$$libinit$$0000001D)
    __rt_lib_init_stdio_2                    0x0800017b   Thumb Code     0  libinit2.o(.ARM.Collect$$libinit$$00000024)
    __rt_lib_init_user_alloc_1               0x0800017b   Thumb Code     0  libinit2.o(.ARM.Collect$$libinit$$0000000C)
    __rt_lib_init_alloca_1                   0x0800017f   Thumb Code     0  libinit2.o(.ARM.Collect$$libinit$$0000002E)
    __rt_lib_init_argv_1                     0x0800017f   Thumb Code     0  libinit2.o(.ARM.Collect$$libinit$$0000002C)
    __rt_lib_init_cpp_1                      0x0800017f   Thumb Code     0  libinit2.o(.ARM.Collect$$libinit$$00000032)
    __rt_lib_init_exceptions_1               0x0800017f   Thumb Code     0  libinit2.o(.ARM.Collect$$libinit$$00000030)
    __rt_lib_init_return                     0x0800017f   Thumb Code     0  libinit2.o(.ARM.Collect$$libinit$$00000033)
    __rt_lib_init_stdio_1                    0x0800017f   Thumb Code     0  libinit2.o(.ARM.Collect$$libinit$$00000025)
    __rt_lib_shutdown                        0x08000181   Thumb Code     0  libshutdown.o(.ARM.Collect$$libshutdown$$00000000)
    __rt_lib_shutdown_cpp_1                  0x08000183   Thumb Code     0  libshutdown2.o(.ARM.Collect$$libshutdown$$00000004)
    __rt_lib_shutdown_fini_1                 0x08000183   Thumb Code     0  libshutdown2.o(.ARM.Collect$$libshutdown$$00000002)
    __rt_lib_shutdown_stdio_2                0x08000183   Thumb Code     0  libshutdown2.o(.ARM.Collect$$libshutdown$$00000005)
    __rt_lib_shutdown_fp_trap_1              0x08000187   Thumb Code     0  libshutdown2.o(.ARM.Collect$$libshutdown$$00000009)
    __rt_lib_shutdown_heap_1                 0x08000187   Thumb Code     0  libshutdown2.o(.ARM.Collect$$libshutdown$$00000011)
    __rt_lib_shutdown_return                 0x08000187   Thumb Code     0  libshutdown2.o(.ARM.Collect$$libshutdown$$00000012)
    __rt_lib_shutdown_signal_1               0x08000187   Thumb Code     0  libshutdown2.o(.ARM.Collect$$libshutdown$$0000000C)
    __rt_lib_shutdown_stdio_1                0x08000187   Thumb Code     0  libshutdown2.o(.ARM.Collect$$libshutdown$$00000006)
    __rt_lib_shutdown_user_alloc_1           0x08000187   Thumb Code     0  libshutdown2.o(.ARM.Collect$$libshutdown$$0000000E)
    __rt_entry                               0x08000189   Thumb Code     0  __rtentry.o(.ARM.Collect$$rtentry$$00000000)
    __rt_entry_presh_1                       0x08000189   Thumb Code     0  __rtentry2.o(.ARM.Collect$$rtentry$$00000002)
    __rt_entry_sh                            0x08000189   Thumb Code     0  __rtentry4.o(.ARM.Collect$$rtentry$$00000004)
    __rt_entry_li                            0x0800018f   Thumb Code     0  __rtentry2.o(.ARM.Collect$$rtentry$$0000000A)
    __rt_entry_postsh_1                      0x0800018f   Thumb Code     0  __rtentry2.o(.ARM.Collect$$rtentry$$00000009)
    __rt_entry_main                          0x08000193   Thumb Code     0  __rtentry2.o(.ARM.Collect$$rtentry$$0000000D)
    __rt_entry_postli_1                      0x08000193   Thumb Code     0  __rtentry2.o(.ARM.Collect$$rtentry$$0000000C)
    __rt_exit                                0x0800019b   Thumb Code     0  rtexit.o(.ARM.Collect$$rtexit$$00000000)
    __rt_exit_ls                             0x0800019d   Thumb Code     0  rtexit2.o(.ARM.Collect$$rtexit$$00000003)
    __rt_exit_prels_1                        0x0800019d   Thumb Code     0  rtexit2.o(.ARM.Collect$$rtexit$$00000002)
    __rt_exit_exit                           0x080001a1   Thumb Code     0  rtexit2.o(.ARM.Collect$$rtexit$$00000004)
    SVC_Handler                              0x080001a9   Thumb Code    32  port.o(.emb_text)
    __asm___6_port_c_39a90d8d__prvStartFirstTask 0x080001cd   Thumb Code    28  port.o(.emb_text)
    PendSV_Handler                           0x080001ed   Thumb Code    72  port.o(.emb_text)
    vPortGetIPSR                             0x08000239   Thumb Code     6  port.o(.emb_text)
    Reset_Handler                            0x08000241   Thumb Code     8  startup_stm32f103xb.o(.text)
    _maybe_terminate_alloc                   0x08000241   Thumb Code     0  maybetermalloc1.o(.emb_text)
    ADC1_2_IRQHandler                        0x0800025b   Thumb Code     0  startup_stm32f103xb.o(.text)
    CAN1_RX1_IRQHandler                      0x0800025b   Thumb Code     0  startup_stm32f103xb.o(.text)
    CAN1_SCE_IRQHandler                      0x0800025b   Thumb Code     0  startup_stm32f103xb.o(.text)
    DMA1_Channel1_IRQHandler                 0x0800025b   Thumb Code     0  startup_stm32f103xb.o(.text)
    DMA1_Channel2_IRQHandler                 0x0800025b   Thumb Code     0  startup_stm32f103xb.o(.text)
    DMA1_Channel3_IRQHandler                 0x0800025b   Thumb Code     0  startup_stm32f103xb.o(.text)
    DMA1_Channel4_IRQHandler                 0x0800025b   Thumb Code     0  startup_stm32f103xb.o(.text)
    DMA1_Channel5_IRQHandler                 0x0800025b   Thumb Code     0  startup_stm32f103xb.o(.text)
    DMA1_Channel6_IRQHandler                 0x0800025b   Thumb Code     0  startup_stm32f103xb.o(.text)
    DMA1_Channel7_IRQHandler                 0x0800025b   Thumb Code     0  startup_stm32f103xb.o(.text)
    EXTI0_IRQHandler                         0x0800025b   Thumb Code     0  startup_stm32f103xb.o(.text)
    EXTI15_10_IRQHandler                     0x0800025b   Thumb Code     0  startup_stm32f103xb.o(.text)
    EXTI1_IRQHandler                         0x0800025b   Thumb Code     0  startup_stm32f103xb.o(.text)
    EXTI3_IRQHandler                         0x0800025b   Thumb Code     0  startup_stm32f103xb.o(.text)
    EXTI4_IRQHandler                         0x0800025b   Thumb Code     0  startup_stm32f103xb.o(.text)
    EXTI9_5_IRQHandler                       0x0800025b   Thumb Code     0  startup_stm32f103xb.o(.text)
    FLASH_IRQHandler                         0x0800025b   Thumb Code     0  startup_stm32f103xb.o(.text)
    I2C1_ER_IRQHandler                       0x0800025b   Thumb Code     0  startup_stm32f103xb.o(.text)
    I2C1_EV_IRQHandler                       0x0800025b   Thumb Code     0  startup_stm32f103xb.o(.text)
    I2C2_ER_IRQHandler                       0x0800025b   Thumb Code     0  startup_stm32f103xb.o(.text)
    I2C2_EV_IRQHandler                       0x0800025b   Thumb Code     0  startup_stm32f103xb.o(.text)
    PVD_IRQHandler                           0x0800025b   Thumb Code     0  startup_stm32f103xb.o(.text)
    RCC_IRQHandler                           0x0800025b   Thumb Code     0  startup_stm32f103xb.o(.text)
    RTC_Alarm_IRQHandler                     0x0800025b   Thumb Code     0  startup_stm32f103xb.o(.text)
    RTC_IRQHandler                           0x0800025b   Thumb Code     0  startup_stm32f103xb.o(.text)
    SPI1_IRQHandler                          0x0800025b   Thumb Code     0  startup_stm32f103xb.o(.text)
    SPI2_IRQHandler                          0x0800025b   Thumb Code     0  startup_stm32f103xb.o(.text)
    TAMPER_IRQHandler                        0x0800025b   Thumb Code     0  startup_stm32f103xb.o(.text)
    TIM1_BRK_IRQHandler                      0x0800025b   Thumb Code     0  startup_stm32f103xb.o(.text)
    TIM1_CC_IRQHandler                       0x0800025b   Thumb Code     0  startup_stm32f103xb.o(.text)
    TIM1_TRG_COM_IRQHandler                  0x0800025b   Thumb Code     0  startup_stm32f103xb.o(.text)
    TIM1_UP_IRQHandler                       0x0800025b   Thumb Code     0  startup_stm32f103xb.o(.text)
    TIM2_IRQHandler                          0x0800025b   Thumb Code     0  startup_stm32f103xb.o(.text)
    TIM3_IRQHandler                          0x0800025b   Thumb Code     0  startup_stm32f103xb.o(.text)
    TIM4_IRQHandler                          0x0800025b   Thumb Code     0  startup_stm32f103xb.o(.text)
    USART1_IRQHandler                        0x0800025b   Thumb Code     0  startup_stm32f103xb.o(.text)
    USART2_IRQHandler                        0x0800025b   Thumb Code     0  startup_stm32f103xb.o(.text)
    USART3_IRQHandler                        0x0800025b   Thumb Code     0  startup_stm32f103xb.o(.text)
    USBWakeUp_IRQHandler                     0x0800025b   Thumb Code     0  startup_stm32f103xb.o(.text)
    USB_HP_CAN1_TX_IRQHandler                0x0800025b   Thumb Code     0  startup_stm32f103xb.o(.text)
    USB_LP_CAN1_RX0_IRQHandler               0x0800025b   Thumb Code     0  startup_stm32f103xb.o(.text)
    WWDG_IRQHandler                          0x0800025b   Thumb Code     0  startup_stm32f103xb.o(.text)
    __user_initial_stackheap                 0x0800025d   Thumb Code     0  startup_stm32f103xb.o(.text)
    __2printf                                0x08000281   Thumb Code    20  noretval__2printf.o(.text)
    __printf                                 0x08000299   Thumb Code   104  __printf.o(.text)
    _printf_str                              0x08000301   Thumb Code    82  _printf_str.o(.text)
    _printf_int_dec                          0x08000355   Thumb Code   104  _printf_dec.o(.text)
    __aeabi_memcpy                           0x080003cd   Thumb Code     0  rt_memcpy_v6.o(.text)
    __rt_memcpy                              0x080003cd   Thumb Code   138  rt_memcpy_v6.o(.text)
    _memcpy_lastbytes                        0x08000433   Thumb Code     0  rt_memcpy_v6.o(.text)
    __aeabi_memset                           0x08000457   Thumb Code    16  aeabi_memset.o(.text)
    __aeabi_memclr4                          0x08000467   Thumb Code     0  rt_memclr_w.o(.text)
    __aeabi_memclr8                          0x08000467   Thumb Code     0  rt_memclr_w.o(.text)
    __rt_memclr_w                            0x08000467   Thumb Code    78  rt_memclr_w.o(.text)
    _memset_w                                0x0800046b   Thumb Code     0  rt_memclr_w.o(.text)
    __use_two_region_memory                  0x080004b5   Thumb Code     2  heapauxi.o(.text)
    __rt_heap_escrow                         0x080004b7   Thumb Code     2  heapauxi.o(.text)
    __rt_heap_expand                         0x080004b9   Thumb Code     2  heapauxi.o(.text)
    _printf_int_common                       0x080004bb   Thumb Code   178  _printf_intcommon.o(.text)
    _printf_cs_common                        0x0800056d   Thumb Code    20  _printf_char.o(.text)
    _printf_char                             0x08000581   Thumb Code    16  _printf_char.o(.text)
    _printf_string                           0x08000591   Thumb Code     8  _printf_char.o(.text)
    _printf_char_file                        0x08000599   Thumb Code    32  _printf_char_file.o(.text)
    __aeabi_memcpy4                          0x080005bd   Thumb Code     0  rt_memcpy_w.o(.text)
    __aeabi_memcpy8                          0x080005bd   Thumb Code     0  rt_memcpy_w.o(.text)
    __rt_memcpy_w                            0x080005bd   Thumb Code   100  rt_memcpy_w.o(.text)
    _memcpy_lastbytes_aligned                0x08000605   Thumb Code     0  rt_memcpy_w.o(.text)
    __aeabi_memclr                           0x08000621   Thumb Code     0  rt_memclr.o(.text)
    __rt_memclr                              0x08000621   Thumb Code    68  rt_memclr.o(.text)
    _memset                                  0x08000625   Thumb Code     0  rt_memclr.o(.text)
    _printf_char_common                      0x0800066f   Thumb Code    32  _printf_char_common.o(.text)
    ferror                                   0x08000695   Thumb Code     8  ferror.o(.text)
    _initio                                  0x0800069d   Thumb Code   210  initio.o(.text)
    _terminateio                             0x0800076f   Thumb Code    56  initio.o(.text)
    _sys_open                                0x080007d5   Thumb Code    20  sys_io.o(.text)
    _sys_close                               0x080007e9   Thumb Code    12  sys_io.o(.text)
    _sys_write                               0x080007f5   Thumb Code    16  sys_io.o(.text)
    _sys_read                                0x08000805   Thumb Code    14  sys_io.o(.text)
    _sys_istty                               0x08000813   Thumb Code    12  sys_io.o(.text)
    _sys_seek                                0x0800081f   Thumb Code    14  sys_io.o(.text)
    _sys_ensure                              0x0800082d   Thumb Code     2  sys_io.o(.text)
    _sys_flen                                0x0800082f   Thumb Code    12  sys_io.o(.text)
    __user_setup_stackheap                   0x0800083b   Thumb Code    74  sys_stackheap_outer.o(.text)
    free                                     0x08000885   Thumb Code    78  h1_free.o(.text)
    setvbuf                                  0x080008d3   Thumb Code    70  setvbuf.o(.text)
    freopen                                  0x08000919   Thumb Code   158  fopen.o(.text)
    fopen                                    0x080009b7   Thumb Code    74  fopen.o(.text)
    _fclose_internal                         0x08000a05   Thumb Code    76  fclose.o(.text)
    fclose                                   0x08000a05   Thumb Code     0  fclose.o(.text)
    exit                                     0x08000a51   Thumb Code    18  exit.o(.text)
    __rt_SIGRTRED                            0x08000a63   Thumb Code    14  defsig_rtred_outer.o(.text)
    __user_libspace                          0x08000a71   Thumb Code     8  libspace.o(.text)
    __user_perproc_libspace                  0x08000a71   Thumb Code     0  libspace.o(.text)
    __user_perthread_libspace                0x08000a71   Thumb Code     0  libspace.o(.text)
    __I$use$semihosting                      0x08000a79   Thumb Code     0  use_no_semi.o(.text)
    __use_no_semihosting_swi                 0x08000a79   Thumb Code     2  use_no_semi.o(.text)
    __semihosting_library_function           0x08000a7b   Thumb Code     0  indicate_semi.o(.text)
    __rt_heap_descriptor                     0x08000a7d   Thumb Code     8  rt_heap_descriptor_intlibspace.o(.text)
    __use_no_heap                            0x08000a85   Thumb Code     2  hguard.o(.text)
    __heap$guard                             0x08000a87   Thumb Code     2  hguard.o(.text)
    _terminate_user_alloc                    0x08000a89   Thumb Code     2  init_alloc.o(.text)
    _init_user_alloc                         0x08000a8b   Thumb Code     2  init_alloc.o(.text)
    __Heap_Full                              0x08000a8d   Thumb Code    34  init_alloc.o(.text)
    __Heap_Broken                            0x08000aaf   Thumb Code     6  init_alloc.o(.text)
    _init_alloc                              0x08000ab5   Thumb Code    94  init_alloc.o(.text)
    malloc                                   0x08000b13   Thumb Code    94  h1_alloc.o(.text)
    _fseek                                   0x08000b71   Thumb Code   242  fseek.o(.text)
    fseek                                    0x08000b71   Thumb Code     0  fseek.o(.text)
    _seterr                                  0x08000c69   Thumb Code    20  stdio.o(.text)
    _writebuf                                0x08000c7d   Thumb Code    84  stdio.o(.text)
    _fflush                                  0x08000cd1   Thumb Code    70  stdio.o(.text)
    _deferredlazyseek                        0x08000d17   Thumb Code    60  stdio.o(.text)
    __sig_exit                               0x08000d59   Thumb Code    10  defsig_exit.o(.text)
    __rt_SIGRTRED_inner                      0x08000d65   Thumb Code    14  defsig_rtred_inner.o(.text)
    strlen                                   0x08000d99   Thumb Code    62  strlen.o(.text)
    _sys_exit                                0x08000dd9   Thumb Code     8  sys_exit.o(.text)
    __Heap_Initialize                        0x08000de5   Thumb Code    10  h1_init.o(.text)
    __Heap_DescSize                          0x08000def   Thumb Code     4  h1_init.o(.text)
    __Heap_ProvideMemory                     0x08000df3   Thumb Code    52  h1_extend.o(.text)
    _ftell_internal                          0x08000e27   Thumb Code    66  ftell.o(.text)
    ftell                                    0x08000e27   Thumb Code     0  ftell.o(.text)
    __default_signal_display                 0x08000e69   Thumb Code    50  defsig_general.o(.text)
    __rt_SIGRTMEM                            0x08000e9b   Thumb Code    14  defsig_rtmem_outer.o(.text)
    _ttywrch                                 0x08000ea9   Thumb Code    14  sys_wrch.o(.text)
    __aeabi_errno_addr                       0x08000eb9   Thumb Code     8  rt_errno_addr_intlibspace.o(.text)
    __errno$intlibspace                      0x08000eb9   Thumb Code     0  rt_errno_addr_intlibspace.o(.text)
    __rt_errno_addr$intlibspace              0x08000eb9   Thumb Code     0  rt_errno_addr_intlibspace.o(.text)
    __rt_SIGRTMEM_inner                      0x08000ec1   Thumb Code    22  defsig_rtmem_inner.o(.text)
    BusFault_Handler                         0x08000f11   Thumb Code     2  stm32f1xx_it.o(i.BusFault_Handler)
    DebugMon_Handler                         0x08000f13   Thumb Code     2  stm32f1xx_it.o(i.DebugMon_Handler)
    EXTI2_IRQHandler                         0x08000f15   Thumb Code    18  stm32f1xx_it.o(i.EXTI2_IRQHandler)
    HAL_GPIO_DeInit                          0x08000f2d   Thumb Code   228  stm32f1xx_hal_gpio.o(i.HAL_GPIO_DeInit)
    HAL_GPIO_Init                            0x08001029   Thumb Code   446  stm32f1xx_hal_gpio.o(i.HAL_GPIO_Init)
    HAL_GPIO_WritePin                        0x08001209   Thumb Code    10  stm32f1xx_hal_gpio.o(i.HAL_GPIO_WritePin)
    HAL_GetTick                              0x08001215   Thumb Code     6  stm32f1xx_hal.o(i.HAL_GetTick)
    HAL_IncTick                              0x08001221   Thumb Code    12  stm32f1xx_hal.o(i.HAL_IncTick)
    HAL_Init                                 0x08001231   Thumb Code    32  stm32f1xx_hal.o(i.HAL_Init)
    HAL_InitTick                             0x08001255   Thumb Code    54  stm32f1xx_hal.o(i.HAL_InitTick)
    HAL_MspInit                              0x08001295   Thumb Code    62  stm32f1xx_hal_msp.o(i.HAL_MspInit)
    HAL_NVIC_DisableIRQ                      0x080012dd   Thumb Code    34  stm32f1xx_hal_cortex.o(i.HAL_NVIC_DisableIRQ)
    HAL_NVIC_EnableIRQ                       0x080012ff   Thumb Code    26  stm32f1xx_hal_cortex.o(i.HAL_NVIC_EnableIRQ)
    HAL_NVIC_SetPriority                     0x08001319   Thumb Code    60  stm32f1xx_hal_cortex.o(i.HAL_NVIC_SetPriority)
    HAL_NVIC_SetPriorityGrouping             0x08001359   Thumb Code    26  stm32f1xx_hal_cortex.o(i.HAL_NVIC_SetPriorityGrouping)
    HAL_RCC_ClockConfig                      0x0800137d   Thumb Code   280  stm32f1xx_hal_rcc.o(i.HAL_RCC_ClockConfig)
    HAL_RCC_GetPCLK1Freq                     0x080014a9   Thumb Code    20  stm32f1xx_hal_rcc.o(i.HAL_RCC_GetPCLK1Freq)
    HAL_RCC_GetPCLK2Freq                     0x080014c9   Thumb Code    20  stm32f1xx_hal_rcc.o(i.HAL_RCC_GetPCLK2Freq)
    HAL_RCC_GetSysClockFreq                  0x080014e9   Thumb Code    74  stm32f1xx_hal_rcc.o(i.HAL_RCC_GetSysClockFreq)
    HAL_RCC_OscConfig                        0x08001555   Thumb Code   778  stm32f1xx_hal_rcc.o(i.HAL_RCC_OscConfig)
    HAL_SPI_DeInit                           0x08001875   Thumb Code    46  stm32f1xx_hal_spi.o(i.HAL_SPI_DeInit)
    HAL_SPI_Init                             0x080018a3   Thumb Code   178  stm32f1xx_hal_spi.o(i.HAL_SPI_Init)
    HAL_SPI_MspDeInit                        0x08001955   Thumb Code     2  stm32f1xx_hal_msp.o(i.HAL_SPI_MspDeInit)
    HAL_SPI_MspInit                          0x08001957   Thumb Code     2  stm32f1xx_hal_msp.o(i.HAL_SPI_MspInit)
    HAL_SPI_Transmit                         0x08001959   Thumb Code   358  stm32f1xx_hal_spi.o(i.HAL_SPI_Transmit)
    HAL_SPI_TransmitReceive                  0x08001abf   Thumb Code   482  stm32f1xx_hal_spi.o(i.HAL_SPI_TransmitReceive)
    HAL_SYSTICK_Config                       0x08001ca1   Thumb Code    40  stm32f1xx_hal_cortex.o(i.HAL_SYSTICK_Config)
    HAL_TIMEx_MasterConfigSynchronization    0x08001cc9   Thumb Code    92  stm32f1xx_hal_tim_ex.o(i.HAL_TIMEx_MasterConfigSynchronization)
    HAL_TIM_PWM_ConfigChannel                0x08001d31   Thumb Code   198  stm32f1xx_hal_tim.o(i.HAL_TIM_PWM_ConfigChannel)
    HAL_TIM_PWM_Init                         0x08001df7   Thumb Code    90  stm32f1xx_hal_tim.o(i.HAL_TIM_PWM_Init)
    HAL_TIM_PWM_MspInit                      0x08001e51   Thumb Code     2  stm32f1xx_hal_tim.o(i.HAL_TIM_PWM_MspInit)
    HAL_TIM_PWM_Start                        0x08001e55   Thumb Code   144  stm32f1xx_hal_tim.o(i.HAL_TIM_PWM_Start)
    HAL_UART_Init                            0x08001ef1   Thumb Code    98  stm32f1xx_hal_uart.o(i.HAL_UART_Init)
    HAL_UART_MspInit                         0x08001f53   Thumb Code     2  stm32f1xx_hal_msp.o(i.HAL_UART_MspInit)
    HAL_UART_Transmit                        0x08001f55   Thumb Code   178  stm32f1xx_hal_uart.o(i.HAL_UART_Transmit)
    HardFault_Handler                        0x08002007   Thumb Code     2  stm32f1xx_it.o(i.HardFault_Handler)
    MemManage_Handler                        0x08002009   Thumb Code     2  stm32f1xx_it.o(i.MemManage_Handler)
    NMI_Handler                              0x0800200b   Thumb Code     2  stm32f1xx_it.o(i.NMI_Handler)
    SysTick_Handler                          0x080020e5   Thumb Code    24  stm32f1xx_it.o(i.SysTick_Handler)
    SystemClock_Config                       0x080020fd   Thumb Code   104  main.o(i.SystemClock_Config)
    SystemInit                               0x08002195   Thumb Code     2  system_stm32f1xx.o(i.SystemInit)
    TIM_Base_SetConfig                       0x08002199   Thumb Code    94  stm32f1xx_hal_tim.o(i.TIM_Base_SetConfig)
    TIM_CCxChannelCmd                        0x08002205   Thumb Code    26  stm32f1xx_hal_tim.o(i.TIM_CCxChannelCmd)
    TIM_OC2_SetConfig                        0x08002271   Thumb Code    84  stm32f1xx_hal_tim.o(i.TIM_OC2_SetConfig)
    UsageFault_Handler                       0x08002481   Thumb Code     2  stm32f1xx_it.o(i.UsageFault_Handler)
    car_control_exec_cmd                     0x080024a5   Thumb Code   130  car_control.o(i.car_control_exec_cmd)
    car_control_init                         0x0800257d   Thumb Code    14  car_control.o(i.car_control_init)
    car_control_pwm_start                    0x0800258d   Thumb Code    38  car_control.o(i.car_control_pwm_start)
    car_control_thread_app_init              0x080025b9   Thumb Code    18  car_control_app.o(i.car_control_thread_app_init)
    fputc                                    0x08002745   Thumb Code    20  log_debug.o(i.fputc)
    log_debug_gpio_init                      0x0800275d   Thumb Code    46  log_debug.o(i.log_debug_gpio_init)
    log_debug_init                           0x08002791   Thumb Code    14  log_debug.o(i.log_debug_init)
    log_debug_uart_init                      0x080027a1   Thumb Code    72  log_debug.o(i.log_debug_uart_init)
    main                                     0x08002835   Thumb Code   100  main.o(i.main)
    nrf24l01_data_ready_callback             0x08002929   Thumb Code     8  nrf24l01.o(i.nrf24l01_data_ready_callback)
    nrf24l01_deinit                          0x08002935   Thumb Code    94  nrf24l01.o(i.nrf24l01_deinit)
    nrf24l01_enable_interrupt                0x080029e1   Thumb Code    36  nrf24l01.o(i.nrf24l01_enable_interrupt)
    nrf24l01_enable_rx_address               0x08002a05   Thumb Code    16  nrf24l01.o(i.nrf24l01_enable_rx_address)
    nrf24l01_enter_power_down_mode           0x08002a15   Thumb Code    16  nrf24l01.o(i.nrf24l01_enter_power_down_mode)
    nrf24l01_enter_rx_mode                   0x08002a25   Thumb Code    22  nrf24l01.o(i.nrf24l01_enter_rx_mode)
    nrf24l01_get_chunk_data                  0x08002a41   Thumb Code    16  nrf24l01_app.o(i.nrf24l01_get_chunk_data)
    nrf24l01_init                            0x08002ae9   Thumb Code    98  nrf24l01.o(i.nrf24l01_init)
    nrf24l01_read_data_fifo                  0x08002b51   Thumb Code    74  nrf24l01.o(i.nrf24l01_read_data_fifo)
    nrf24l01_set_address_width               0x08002ba5   Thumb Code    10  nrf24l01.o(i.nrf24l01_set_address_width)
    nrf24l01_set_data_rate                   0x08002baf   Thumb Code    30  nrf24l01.o(i.nrf24l01_set_data_rate)
    nrf24l01_set_rx_address                  0x08002c41   Thumb Code     8  nrf24l01.o(i.nrf24l01_set_rx_address)
    nrf24l01_set_static_payload_length       0x08002c49   Thumb Code    12  nrf24l01.o(i.nrf24l01_set_static_payload_length)
    nrf24l01_set_tx_address                  0x08002c55   Thumb Code    10  nrf24l01.o(i.nrf24l01_set_tx_address)
    nrf24l01_thread_app_init                 0x08002ccd   Thumb Code    18  nrf24l01_app.o(i.nrf24l01_thread_app_init)
    nrf24l01_txrx_control                    0x08002db1   Thumb Code    10  nrf24l01.o(i.nrf24l01_txrx_control)
    osDelay                                  0x08002e09   Thumb Code    46  cmsis_os2.o(i.osDelay)
    osKernelInitialize                       0x08002e3d   Thumb Code    50  cmsis_os2.o(i.osKernelInitialize)
    osKernelStart                            0x08002e75   Thumb Code    58  cmsis_os2.o(i.osKernelStart)
    osMessageQueueGet                        0x08002eb5   Thumb Code   116  cmsis_os2.o(i.osMessageQueueGet)
    osMessageQueueNew                        0x08002f31   Thumb Code   110  cmsis_os2.o(i.osMessageQueueNew)
    osMessageQueuePut                        0x08002fa5   Thumb Code   120  cmsis_os2.o(i.osMessageQueuePut)
    osMessageQueueReset                      0x08003025   Thumb Code    54  cmsis_os2.o(i.osMessageQueueReset)
    osSemaphoreNew                           0x08003061   Thumb Code   172  cmsis_os2.o(i.osSemaphoreNew)
    osSemaphoreRelease                       0x08003111   Thumb Code   102  cmsis_os2.o(i.osSemaphoreRelease)
    osThreadNew                              0x08003181   Thumb Code   160  cmsis_os2.o(i.osThreadNew)
    pvPortMalloc                             0x08003969   Thumb Code   210  heap_4.o(i.pvPortMalloc)
    pxPortInitialiseStack                    0x08003a41   Thumb Code    32  port.o(i.pxPortInitialiseStack)
    uxListRemove                             0x08003a65   Thumb Code    38  list.o(i.uxListRemove)
    vApplicationGetIdleTaskMemory            0x08003a8d   Thumb Code    16  cmsis_os2.o(i.vApplicationGetIdleTaskMemory)
    vApplicationGetTimerTaskMemory           0x08003aa1   Thumb Code    18  cmsis_os2.o(i.vApplicationGetTimerTaskMemory)
    vListInitialise                          0x08003ab9   Thumb Code    22  list.o(i.vListInitialise)
    vListInitialiseItem                      0x08003acf   Thumb Code     6  list.o(i.vListInitialiseItem)
    vListInsert                              0x08003ad5   Thumb Code    48  list.o(i.vListInsert)
    vListInsertEnd                           0x08003b05   Thumb Code    24  list.o(i.vListInsertEnd)
    vPortEnterCritical                       0x08003b1d   Thumb Code    54  port.o(i.vPortEnterCritical)
    vPortExitCritical                        0x08003b5d   Thumb Code    34  port.o(i.vPortExitCritical)
    vPortFree                                0x08003b85   Thumb Code    88  heap_4.o(i.vPortFree)
    vPortSetupTimerInterrupt                 0x08003be1   Thumb Code    32  port.o(i.vPortSetupTimerInterrupt)
    vPortValidateInterruptPriority           0x08003c05   Thumb Code    74  port.o(i.vPortValidateInterruptPriority)
    vQueueAddToRegistry                      0x08003c59   Thumb Code    34  queue.o(i.vQueueAddToRegistry)
    vQueueDelete                             0x08003c81   Thumb Code    46  queue.o(i.vQueueDelete)
    vQueueUnregisterQueue                    0x08003cb1   Thumb Code    36  queue.o(i.vQueueUnregisterQueue)
    vQueueWaitForMessageRestricted           0x08003cd9   Thumb Code    68  queue.o(i.vQueueWaitForMessageRestricted)
    vTaskDelay                               0x08003d1d   Thumb Code    66  tasks.o(i.vTaskDelay)
    vTaskInternalSetTimeOutState             0x08003d69   Thumb Code    12  tasks.o(i.vTaskInternalSetTimeOutState)
    vTaskMissedYield                         0x08003d79   Thumb Code     8  tasks.o(i.vTaskMissedYield)
    vTaskPlaceOnEventList                    0x08003d85   Thumb Code    44  tasks.o(i.vTaskPlaceOnEventList)
    vTaskPlaceOnEventListRestricted          0x08003db5   Thumb Code    52  tasks.o(i.vTaskPlaceOnEventListRestricted)
    vTaskStartScheduler                      0x08003ded   Thumb Code   118  tasks.o(i.vTaskStartScheduler)
    vTaskSuspendAll                          0x08003e75   Thumb Code    10  tasks.o(i.vTaskSuspendAll)
    vTaskSwitchContext                       0x08003e85   Thumb Code    90  tasks.o(i.vTaskSwitchContext)
    xPortStartScheduler                      0x08003ee9   Thumb Code   154  port.o(i.xPortStartScheduler)
    xPortSysTickHandler                      0x08003f91   Thumb Code    38  port.o(i.xPortSysTickHandler)
    xQueueCreateCountingSemaphore            0x08003fbd   Thumb Code    58  queue.o(i.xQueueCreateCountingSemaphore)
    xQueueCreateCountingSemaphoreStatic      0x08003ff7   Thumb Code    64  queue.o(i.xQueueCreateCountingSemaphoreStatic)
    xQueueGenericCreate                      0x08004037   Thumb Code    72  queue.o(i.xQueueGenericCreate)
    xQueueGenericCreateStatic                0x0800407f   Thumb Code   102  queue.o(i.xQueueGenericCreateStatic)
    xQueueGenericReset                       0x080040e5   Thumb Code   132  queue.o(i.xQueueGenericReset)
    xQueueGenericSend                        0x0800416d   Thumb Code   346  queue.o(i.xQueueGenericSend)
    xQueueGenericSendFromISR                 0x080042cd   Thumb Code   188  queue.o(i.xQueueGenericSendFromISR)
    xQueueGiveFromISR                        0x08004389   Thumb Code   156  queue.o(i.xQueueGiveFromISR)
    xQueueReceive                            0x08004425   Thumb Code   308  queue.o(i.xQueueReceive)
    xQueueReceiveFromISR                     0x0800455d   Thumb Code   154  queue.o(i.xQueueReceiveFromISR)
    xTaskCheckForTimeOut                     0x080045f9   Thumb Code   112  tasks.o(i.xTaskCheckForTimeOut)
    xTaskCreate                              0x0800466d   Thumb Code    90  tasks.o(i.xTaskCreate)
    xTaskCreateStatic                        0x080046c7   Thumb Code    86  tasks.o(i.xTaskCreateStatic)
    xTaskGetSchedulerState                   0x0800471d   Thumb Code    22  tasks.o(i.xTaskGetSchedulerState)
    xTaskGetTickCount                        0x08004739   Thumb Code     6  tasks.o(i.xTaskGetTickCount)
    xTaskIncrementTick                       0x08004745   Thumb Code   190  tasks.o(i.xTaskIncrementTick)
    xTaskPriorityDisinherit                  0x0800480d   Thumb Code   118  tasks.o(i.xTaskPriorityDisinherit)
    xTaskRemoveFromEventList                 0x0800488d   Thumb Code    98  tasks.o(i.xTaskRemoveFromEventList)
    xTaskResumeAll                           0x080048fd   Thumb Code   182  tasks.o(i.xTaskResumeAll)
    xTimerCreateTimerTask                    0x080049c1   Thumb Code    78  timers.o(i.xTimerCreateTimerTask)
    xTimerGenericCommand                     0x08004a21   Thumb Code    98  timers.o(i.xTimerGenericCommand)
    AHBPrescTable                            0x08004ad0   Data          16  system_stm32f1xx.o(.constdata)
    APBPrescTable                            0x08004ae0   Data           8  system_stm32f1xx.o(.constdata)
    __stdin_name                             0x08004ae8   Data           4  sys_io.o(.constdata)
    __stdout_name                            0x08004aec   Data           4  sys_io.o(.constdata)
    __stderr_name                            0x08004af0   Data           4  sys_io.o(.constdata)
    Region$$Table$$Base                      0x08004b18   Number         0  anon$$obj.o(Region$$Table)
    Region$$Table$$Limit                     0x08004b38   Number         0  anon$$obj.o(Region$$Table)
    uwTickFreq                               0x20000014   Data           1  stm32f1xx_hal.o(.data)
    uwTickPrio                               0x20000018   Data           4  stm32f1xx_hal.o(.data)
    uwTick                                   0x2000001c   Data           4  stm32f1xx_hal.o(.data)
    SystemCoreClock                          0x20000020   Data           4  system_stm32f1xx.o(.data)
    pxCurrentTCB                             0x20000024   Data           4  tasks.o(.data)
    __aeabi_stdin                            0x2000009c   Data           4  stdio_streams.o(.data)
    __aeabi_stdout                           0x200000a0   Data           4  stdio_streams.o(.data)
    __aeabi_stderr                           0x200000a4   Data           4  stdio_streams.o(.data)
    nrf24l01_spi                             0x2000014c   Data          88  nrf24l01.o(.bss)
    car_control_tim                          0x200001a4   Data          72  car_control.o(.bss)
    huart1                                   0x200001ec   Data          68  log_debug.o(.bss)
    xQueueRegistry                           0x20000230   Data          64  queue.o(.bss)
    __stdin                                  0x20001b04   Data          84  stdio_streams.o(.bss)
    __stdout                                 0x20001b58   Data          84  stdio_streams.o(.bss)
    __stderr                                 0x20001bac   Data          84  stdio_streams.o(.bss)
    __libspace_start                         0x20001c00   Data          96  libspace.o(.bss)
    __temporary_stack_top$libspace           0x20001c60   Data           0  libspace.o(.bss)



==============================================================================

Memory Map of the image

  Image Entry point : 0x080000ed

  Load Region LR_IROM1 (Base: 0x08000000, Size: 0x00004be0, Max: 0x00010000, ABSOLUTE)

    Execution Region ER_IROM1 (Exec base: 0x08000000, Load base: 0x08000000, Size: 0x00004b38, Max: 0x00010000, ABSOLUTE)

    Exec Addr    Load Addr    Size         Type   Attr      Idx    E Section Name        Object

    0x08000000   0x08000000   0x000000ec   Data   RO          428    RESET               startup_stm32f103xb.o
    0x080000ec   0x080000ec   0x00000008   Code   RO         5100  * !!!main             c_w.l(__main.o)
    0x080000f4   0x080000f4   0x00000034   Code   RO         5427    !!!scatter          c_w.l(__scatter.o)
    0x08000128   0x08000128   0x0000001a   Code   RO         5429    !!handler_copy      c_w.l(__scatter_copy.o)
    0x08000142   0x08000142   0x00000002   PAD
    0x08000144   0x08000144   0x0000001c   Code   RO         5431    !!handler_zi        c_w.l(__scatter_zi.o)
    0x08000160   0x08000160   0x00000000   Code   RO         5089    .ARM.Collect$$_printf_percent$$00000000  c_w.l(_printf_percent.o)
    0x08000160   0x08000160   0x00000006   Code   RO         5088    .ARM.Collect$$_printf_percent$$00000009  c_w.l(_printf_d.o)
    0x08000166   0x08000166   0x00000006   Code   RO         5087    .ARM.Collect$$_printf_percent$$00000014  c_w.l(_printf_s.o)
    0x0800016c   0x0800016c   0x00000004   Code   RO         5109    .ARM.Collect$$_printf_percent$$00000017  c_w.l(_printf_percent_end.o)
    0x08000170   0x08000170   0x00000002   Code   RO         5234    .ARM.Collect$$libinit$$00000000  c_w.l(libinit.o)
    0x08000172   0x08000172   0x00000000   Code   RO         5236    .ARM.Collect$$libinit$$00000002  c_w.l(libinit2.o)
    0x08000172   0x08000172   0x00000000   Code   RO         5238    .ARM.Collect$$libinit$$00000004  c_w.l(libinit2.o)
    0x08000172   0x08000172   0x00000008   Code   RO         5239    .ARM.Collect$$libinit$$00000005  c_w.l(libinit2.o)
    0x0800017a   0x0800017a   0x00000000   Code   RO         5241    .ARM.Collect$$libinit$$0000000A  c_w.l(libinit2.o)
    0x0800017a   0x0800017a   0x00000000   Code   RO         5243    .ARM.Collect$$libinit$$0000000C  c_w.l(libinit2.o)
    0x0800017a   0x0800017a   0x00000000   Code   RO         5245    .ARM.Collect$$libinit$$0000000E  c_w.l(libinit2.o)
    0x0800017a   0x0800017a   0x00000000   Code   RO         5248    .ARM.Collect$$libinit$$00000011  c_w.l(libinit2.o)
    0x0800017a   0x0800017a   0x00000000   Code   RO         5250    .ARM.Collect$$libinit$$00000013  c_w.l(libinit2.o)
    0x0800017a   0x0800017a   0x00000000   Code   RO         5252    .ARM.Collect$$libinit$$00000015  c_w.l(libinit2.o)
    0x0800017a   0x0800017a   0x00000000   Code   RO         5254    .ARM.Collect$$libinit$$00000017  c_w.l(libinit2.o)
    0x0800017a   0x0800017a   0x00000000   Code   RO         5256    .ARM.Collect$$libinit$$00000019  c_w.l(libinit2.o)
    0x0800017a   0x0800017a   0x00000000   Code   RO         5258    .ARM.Collect$$libinit$$0000001B  c_w.l(libinit2.o)
    0x0800017a   0x0800017a   0x00000000   Code   RO         5260    .ARM.Collect$$libinit$$0000001D  c_w.l(libinit2.o)
    0x0800017a   0x0800017a   0x00000000   Code   RO         5262    .ARM.Collect$$libinit$$0000001F  c_w.l(libinit2.o)
    0x0800017a   0x0800017a   0x00000000   Code   RO         5264    .ARM.Collect$$libinit$$00000021  c_w.l(libinit2.o)
    0x0800017a   0x0800017a   0x00000000   Code   RO         5266    .ARM.Collect$$libinit$$00000023  c_w.l(libinit2.o)
    0x0800017a   0x0800017a   0x00000004   Code   RO         5267    .ARM.Collect$$libinit$$00000024  c_w.l(libinit2.o)
    0x0800017e   0x0800017e   0x00000000   Code   RO         5268    .ARM.Collect$$libinit$$00000025  c_w.l(libinit2.o)
    0x0800017e   0x0800017e   0x00000000   Code   RO         5272    .ARM.Collect$$libinit$$0000002C  c_w.l(libinit2.o)
    0x0800017e   0x0800017e   0x00000000   Code   RO         5274    .ARM.Collect$$libinit$$0000002E  c_w.l(libinit2.o)
    0x0800017e   0x0800017e   0x00000000   Code   RO         5276    .ARM.Collect$$libinit$$00000030  c_w.l(libinit2.o)
    0x0800017e   0x0800017e   0x00000000   Code   RO         5278    .ARM.Collect$$libinit$$00000032  c_w.l(libinit2.o)
    0x0800017e   0x0800017e   0x00000002   Code   RO         5279    .ARM.Collect$$libinit$$00000033  c_w.l(libinit2.o)
    0x08000180   0x08000180   0x00000002   Code   RO         5406    .ARM.Collect$$libshutdown$$00000000  c_w.l(libshutdown.o)
    0x08000182   0x08000182   0x00000000   Code   RO         5281    .ARM.Collect$$libshutdown$$00000002  c_w.l(libshutdown2.o)
    0x08000182   0x08000182   0x00000000   Code   RO         5283    .ARM.Collect$$libshutdown$$00000004  c_w.l(libshutdown2.o)
    0x08000182   0x08000182   0x00000004   Code   RO         5284    .ARM.Collect$$libshutdown$$00000005  c_w.l(libshutdown2.o)
    0x08000186   0x08000186   0x00000000   Code   RO         5285    .ARM.Collect$$libshutdown$$00000006  c_w.l(libshutdown2.o)
    0x08000186   0x08000186   0x00000000   Code   RO         5288    .ARM.Collect$$libshutdown$$00000009  c_w.l(libshutdown2.o)
    0x08000186   0x08000186   0x00000000   Code   RO         5291    .ARM.Collect$$libshutdown$$0000000C  c_w.l(libshutdown2.o)
    0x08000186   0x08000186   0x00000000   Code   RO         5293    .ARM.Collect$$libshutdown$$0000000E  c_w.l(libshutdown2.o)
    0x08000186   0x08000186   0x00000000   Code   RO         5296    .ARM.Collect$$libshutdown$$00000011  c_w.l(libshutdown2.o)
    0x08000186   0x08000186   0x00000002   Code   RO         5297    .ARM.Collect$$libshutdown$$00000012  c_w.l(libshutdown2.o)
    0x08000188   0x08000188   0x00000000   Code   RO         5102    .ARM.Collect$$rtentry$$00000000  c_w.l(__rtentry.o)
    0x08000188   0x08000188   0x00000000   Code   RO         5121    .ARM.Collect$$rtentry$$00000002  c_w.l(__rtentry2.o)
    0x08000188   0x08000188   0x00000006   Code   RO         5133    .ARM.Collect$$rtentry$$00000004  c_w.l(__rtentry4.o)
    0x0800018e   0x0800018e   0x00000000   Code   RO         5123    .ARM.Collect$$rtentry$$00000009  c_w.l(__rtentry2.o)
    0x0800018e   0x0800018e   0x00000004   Code   RO         5124    .ARM.Collect$$rtentry$$0000000A  c_w.l(__rtentry2.o)
    0x08000192   0x08000192   0x00000000   Code   RO         5126    .ARM.Collect$$rtentry$$0000000C  c_w.l(__rtentry2.o)
    0x08000192   0x08000192   0x00000008   Code   RO         5127    .ARM.Collect$$rtentry$$0000000D  c_w.l(__rtentry2.o)
    0x0800019a   0x0800019a   0x00000002   Code   RO         5304    .ARM.Collect$$rtexit$$00000000  c_w.l(rtexit.o)
    0x0800019c   0x0800019c   0x00000000   Code   RO         5352    .ARM.Collect$$rtexit$$00000002  c_w.l(rtexit2.o)
    0x0800019c   0x0800019c   0x00000004   Code   RO         5353    .ARM.Collect$$rtexit$$00000003  c_w.l(rtexit2.o)
    0x080001a0   0x080001a0   0x00000006   Code   RO         5354    .ARM.Collect$$rtexit$$00000004  c_w.l(rtexit2.o)
    0x080001a6   0x080001a6   0x00000002   PAD
    0x080001a8   0x080001a8   0x00000096   Code   RO         4976    .emb_text           port.o
    0x0800023e   0x0800023e   0x00000002   PAD
    0x08000240   0x08000240   0x00000000   Code   RO         5358    .emb_text           c_w.l(maybetermalloc1.o)
    0x08000240   0x08000240   0x00000040   Code   RO          429    .text               startup_stm32f103xb.o
    0x08000280   0x08000280   0x00000018   Code   RO         5059    .text               c_w.l(noretval__2printf.o)
    0x08000298   0x08000298   0x00000068   Code   RO         5061    .text               c_w.l(__printf.o)
    0x08000300   0x08000300   0x00000052   Code   RO         5063    .text               c_w.l(_printf_str.o)
    0x08000352   0x08000352   0x00000002   PAD
    0x08000354   0x08000354   0x00000078   Code   RO         5065    .text               c_w.l(_printf_dec.o)
    0x080003cc   0x080003cc   0x0000008a   Code   RO         5090    .text               c_w.l(rt_memcpy_v6.o)
    0x08000456   0x08000456   0x00000010   Code   RO         5094    .text               c_w.l(aeabi_memset.o)
    0x08000466   0x08000466   0x0000004e   Code   RO         5096    .text               c_w.l(rt_memclr_w.o)
    0x080004b4   0x080004b4   0x00000006   Code   RO         5098    .text               c_w.l(heapauxi.o)
    0x080004ba   0x080004ba   0x000000b2   Code   RO         5103    .text               c_w.l(_printf_intcommon.o)
    0x0800056c   0x0800056c   0x0000002c   Code   RO         5105    .text               c_w.l(_printf_char.o)
    0x08000598   0x08000598   0x00000024   Code   RO         5107    .text               c_w.l(_printf_char_file.o)
    0x080005bc   0x080005bc   0x00000064   Code   RO         5116    .text               c_w.l(rt_memcpy_w.o)
    0x08000620   0x08000620   0x00000044   Code   RO         5118    .text               c_w.l(rt_memclr.o)
    0x08000664   0x08000664   0x00000030   Code   RO         5135    .text               c_w.l(_printf_char_common.o)
    0x08000694   0x08000694   0x00000008   Code   RO         5137    .text               c_w.l(ferror.o)
    0x0800069c   0x0800069c   0x00000138   Code   RO         5139    .text               c_w.l(initio.o)
    0x080007d4   0x080007d4   0x00000066   Code   RO         5145    .text               c_w.l(sys_io.o)
    0x0800083a   0x0800083a   0x0000004a   Code   RO         5152    .text               c_w.l(sys_stackheap_outer.o)
    0x08000884   0x08000884   0x0000004e   Code   RO         5156    .text               c_w.l(h1_free.o)
    0x080008d2   0x080008d2   0x00000046   Code   RO         5212    .text               c_w.l(setvbuf.o)
    0x08000918   0x08000918   0x000000ec   Code   RO         5215    .text               c_w.l(fopen.o)
    0x08000a04   0x08000a04   0x0000004c   Code   RO         5217    .text               c_w.l(fclose.o)
    0x08000a50   0x08000a50   0x00000012   Code   RO         5223    .text               c_w.l(exit.o)
    0x08000a62   0x08000a62   0x0000000e   Code   RO         5225    .text               c_w.l(defsig_rtred_outer.o)
    0x08000a70   0x08000a70   0x00000008   Code   RO         5298    .text               c_w.l(libspace.o)
    0x08000a78   0x08000a78   0x00000002   Code   RO         5301    .text               c_w.l(use_no_semi.o)
    0x08000a7a   0x08000a7a   0x00000000   Code   RO         5303    .text               c_w.l(indicate_semi.o)
    0x08000a7a   0x08000a7a   0x00000002   PAD
    0x08000a7c   0x08000a7c   0x00000008   Code   RO         5311    .text               c_w.l(rt_heap_descriptor_intlibspace.o)
    0x08000a84   0x08000a84   0x00000004   Code   RO         5313    .text               c_w.l(hguard.o)
    0x08000a88   0x08000a88   0x0000008a   Code   RO         5315    .text               c_w.l(init_alloc.o)
    0x08000b12   0x08000b12   0x0000005e   Code   RO         5321    .text               c_w.l(h1_alloc.o)
    0x08000b70   0x08000b70   0x000000f8   Code   RO         5335    .text               c_w.l(fseek.o)
    0x08000c68   0x08000c68   0x000000f0   Code   RO         5337    .text               c_w.l(stdio.o)
    0x08000d58   0x08000d58   0x0000000a   Code   RO         5339    .text               c_w.l(defsig_exit.o)
    0x08000d62   0x08000d62   0x00000002   PAD
    0x08000d64   0x08000d64   0x00000034   Code   RO         5341    .text               c_w.l(defsig_rtred_inner.o)
    0x08000d98   0x08000d98   0x0000003e   Code   RO         5343    .text               c_w.l(strlen.o)
    0x08000dd6   0x08000dd6   0x00000002   PAD
    0x08000dd8   0x08000dd8   0x0000000c   Code   RO         5349    .text               c_w.l(sys_exit.o)
    0x08000de4   0x08000de4   0x0000000e   Code   RO         5360    .text               c_w.l(h1_init.o)
    0x08000df2   0x08000df2   0x00000034   Code   RO         5362    .text               c_w.l(h1_extend.o)
    0x08000e26   0x08000e26   0x00000042   Code   RO         5368    .text               c_w.l(ftell.o)
    0x08000e68   0x08000e68   0x00000032   Code   RO         5372    .text               c_w.l(defsig_general.o)
    0x08000e9a   0x08000e9a   0x0000000e   Code   RO         5374    .text               c_w.l(defsig_rtmem_outer.o)
    0x08000ea8   0x08000ea8   0x0000000e   Code   RO         5387    .text               c_w.l(sys_wrch.o)
    0x08000eb6   0x08000eb6   0x00000002   PAD
    0x08000eb8   0x08000eb8   0x00000008   Code   RO         5394    .text               c_w.l(rt_errno_addr_intlibspace.o)
    0x08000ec0   0x08000ec0   0x00000050   Code   RO         5400    .text               c_w.l(defsig_rtmem_inner.o)
    0x08000f10   0x08000f10   0x00000002   Code   RO          220    i.BusFault_Handler  stm32f1xx_it.o
    0x08000f12   0x08000f12   0x00000002   Code   RO          221    i.DebugMon_Handler  stm32f1xx_it.o
    0x08000f14   0x08000f14   0x00000018   Code   RO          222    i.EXTI2_IRQHandler  stm32f1xx_it.o
    0x08000f2c   0x08000f2c   0x000000fc   Code   RO         1096    i.HAL_GPIO_DeInit   stm32f1xx_hal_gpio.o
    0x08001028   0x08001028   0x000001e0   Code   RO         1099    i.HAL_GPIO_Init     stm32f1xx_hal_gpio.o
    0x08001208   0x08001208   0x0000000a   Code   RO         1103    i.HAL_GPIO_WritePin  stm32f1xx_hal_gpio.o
    0x08001212   0x08001212   0x00000002   PAD
    0x08001214   0x08001214   0x0000000c   Code   RO          795    i.HAL_GetTick       stm32f1xx_hal.o
    0x08001220   0x08001220   0x00000010   Code   RO          801    i.HAL_IncTick       stm32f1xx_hal.o
    0x08001230   0x08001230   0x00000024   Code   RO          802    i.HAL_Init          stm32f1xx_hal.o
    0x08001254   0x08001254   0x00000040   Code   RO          803    i.HAL_InitTick      stm32f1xx_hal.o
    0x08001294   0x08001294   0x00000048   Code   RO          289    i.HAL_MspInit       stm32f1xx_hal_msp.o
    0x080012dc   0x080012dc   0x00000022   Code   RO         1258    i.HAL_NVIC_DisableIRQ  stm32f1xx_hal_cortex.o
    0x080012fe   0x080012fe   0x0000001a   Code   RO         1259    i.HAL_NVIC_EnableIRQ  stm32f1xx_hal_cortex.o
    0x08001318   0x08001318   0x00000040   Code   RO         1265    i.HAL_NVIC_SetPriority  stm32f1xx_hal_cortex.o
    0x08001358   0x08001358   0x00000024   Code   RO         1266    i.HAL_NVIC_SetPriorityGrouping  stm32f1xx_hal_cortex.o
    0x0800137c   0x0800137c   0x0000012c   Code   RO          959    i.HAL_RCC_ClockConfig  stm32f1xx_hal_rcc.o
    0x080014a8   0x080014a8   0x00000020   Code   RO          966    i.HAL_RCC_GetPCLK1Freq  stm32f1xx_hal_rcc.o
    0x080014c8   0x080014c8   0x00000020   Code   RO          967    i.HAL_RCC_GetPCLK2Freq  stm32f1xx_hal_rcc.o
    0x080014e8   0x080014e8   0x0000006c   Code   RO          968    i.HAL_RCC_GetSysClockFreq  stm32f1xx_hal_rcc.o
    0x08001554   0x08001554   0x00000320   Code   RO          971    i.HAL_RCC_OscConfig  stm32f1xx_hal_rcc.o
    0x08001874   0x08001874   0x0000002e   Code   RO         1765    i.HAL_SPI_DeInit    stm32f1xx_hal_spi.o
    0x080018a2   0x080018a2   0x000000b2   Code   RO         1770    i.HAL_SPI_Init      stm32f1xx_hal_spi.o
    0x08001954   0x08001954   0x00000002   Code   RO          290    i.HAL_SPI_MspDeInit  stm32f1xx_hal_msp.o
    0x08001956   0x08001956   0x00000002   Code   RO          291    i.HAL_SPI_MspInit   stm32f1xx_hal_msp.o
    0x08001958   0x08001958   0x00000166   Code   RO         1778    i.HAL_SPI_Transmit  stm32f1xx_hal_spi.o
    0x08001abe   0x08001abe   0x000001e2   Code   RO         1779    i.HAL_SPI_TransmitReceive  stm32f1xx_hal_spi.o
    0x08001ca0   0x08001ca0   0x00000028   Code   RO         1270    i.HAL_SYSTICK_Config  stm32f1xx_hal_cortex.o
    0x08001cc8   0x08001cc8   0x00000068   Code   RO         2806    i.HAL_TIMEx_MasterConfigSynchronization  stm32f1xx_hal_tim_ex.o
    0x08001d30   0x08001d30   0x000000c6   Code   RO         2155    i.HAL_TIM_PWM_ConfigChannel  stm32f1xx_hal_tim.o
    0x08001df6   0x08001df6   0x0000005a   Code   RO         2158    i.HAL_TIM_PWM_Init  stm32f1xx_hal_tim.o
    0x08001e50   0x08001e50   0x00000002   Code   RO         2160    i.HAL_TIM_PWM_MspInit  stm32f1xx_hal_tim.o
    0x08001e52   0x08001e52   0x00000002   PAD
    0x08001e54   0x08001e54   0x0000009c   Code   RO         2163    i.HAL_TIM_PWM_Start  stm32f1xx_hal_tim.o
    0x08001ef0   0x08001ef0   0x00000062   Code   RO         3083    i.HAL_UART_Init     stm32f1xx_hal_uart.o
    0x08001f52   0x08001f52   0x00000002   Code   RO          293    i.HAL_UART_MspInit  stm32f1xx_hal_msp.o
    0x08001f54   0x08001f54   0x000000b2   Code   RO         3091    i.HAL_UART_Transmit  stm32f1xx_hal_uart.o
    0x08002006   0x08002006   0x00000002   Code   RO          223    i.HardFault_Handler  stm32f1xx_it.o
    0x08002008   0x08002008   0x00000002   Code   RO          224    i.MemManage_Handler  stm32f1xx_it.o
    0x0800200a   0x0800200a   0x00000002   Code   RO          225    i.NMI_Handler       stm32f1xx_it.o
    0x0800200c   0x0800200c   0x00000020   Code   RO         1808    i.SPI_EndRxTxTransaction  stm32f1xx_hal_spi.o
    0x0800202c   0x0800202c   0x000000b8   Code   RO         1813    i.SPI_WaitFlagStateUntilTimeout  stm32f1xx_hal_spi.o
    0x080020e4   0x080020e4   0x00000018   Code   RO          226    i.SysTick_Handler   stm32f1xx_it.o
    0x080020fc   0x080020fc   0x00000098   Code   RO            4    i.SystemClock_Config  main.o
    0x08002194   0x08002194   0x00000002   Code   RO         3412    i.SystemInit        system_stm32f1xx.o
    0x08002196   0x08002196   0x00000002   PAD
    0x08002198   0x08002198   0x0000006c   Code   RO         2176    i.TIM_Base_SetConfig  stm32f1xx_hal_tim.o
    0x08002204   0x08002204   0x0000001a   Code   RO         2177    i.TIM_CCxChannelCmd  stm32f1xx_hal_tim.o
    0x0800221e   0x0800221e   0x00000002   PAD
    0x08002220   0x08002220   0x00000050   Code   RO         2189    i.TIM_OC1_SetConfig  stm32f1xx_hal_tim.o
    0x08002270   0x08002270   0x00000058   Code   RO         2190    i.TIM_OC2_SetConfig  stm32f1xx_hal_tim.o
    0x080022c8   0x080022c8   0x00000058   Code   RO         2191    i.TIM_OC3_SetConfig  stm32f1xx_hal_tim.o
    0x08002320   0x08002320   0x00000044   Code   RO         2192    i.TIM_OC4_SetConfig  stm32f1xx_hal_tim.o
    0x08002364   0x08002364   0x000000b8   Code   RO         3109    i.UART_SetConfig    stm32f1xx_hal_uart.o
    0x0800241c   0x0800241c   0x00000064   Code   RO         3112    i.UART_WaitOnFlagUntilTimeout  stm32f1xx_hal_uart.o
    0x08002480   0x08002480   0x00000002   Code   RO          227    i.UsageFault_Handler  stm32f1xx_it.o
    0x08002482   0x08002482   0x00000020   Code   RO         1272    i.__NVIC_SetPriority  stm32f1xx_hal_cortex.o
    0x080024a2   0x080024a2   0x00000002   PAD
    0x080024a4   0x080024a4   0x00000088   Code   RO          625    i.car_control_exec_cmd  car_control.o
    0x0800252c   0x0800252c   0x00000050   Code   RO          626    i.car_control_gpio_init  car_control.o
    0x0800257c   0x0800257c   0x0000000e   Code   RO          627    i.car_control_init  car_control.o
    0x0800258a   0x0800258a   0x00000002   PAD
    0x0800258c   0x0800258c   0x0000002c   Code   RO          628    i.car_control_pwm_start  car_control.o
    0x080025b8   0x080025b8   0x00000020   Code   RO          396    i.car_control_thread_app_init  car_control_app.o
    0x080025d8   0x080025d8   0x0000005c   Code   RO          397    i.car_control_thread_entry  car_control_app.o
    0x08002634   0x08002634   0x00000110   Code   RO          630    i.car_control_tim_init  car_control.o
    0x08002744   0x08002744   0x00000018   Code   RO          685    i.fputc             log_debug.o
    0x0800275c   0x0800275c   0x00000034   Code   RO          688    i.log_debug_gpio_init  log_debug.o
    0x08002790   0x08002790   0x0000000e   Code   RO          689    i.log_debug_init    log_debug.o
    0x0800279e   0x0800279e   0x00000002   PAD
    0x080027a0   0x080027a0   0x00000094   Code   RO          691    i.log_debug_uart_init  log_debug.o
    0x08002834   0x08002834   0x000000f4   Code   RO            5    i.main              main.o
    0x08002928   0x08002928   0x0000000c   Code   RO          436    i.nrf24l01_data_ready_callback  nrf24l01.o
    0x08002934   0x08002934   0x000000ac   Code   RO          438    i.nrf24l01_deinit   nrf24l01.o
    0x080029e0   0x080029e0   0x00000024   Code   RO          439    i.nrf24l01_enable_interrupt  nrf24l01.o
    0x08002a04   0x08002a04   0x00000010   Code   RO          440    i.nrf24l01_enable_rx_address  nrf24l01.o
    0x08002a14   0x08002a14   0x00000010   Code   RO          441    i.nrf24l01_enter_power_down_mode  nrf24l01.o
    0x08002a24   0x08002a24   0x0000001c   Code   RO          442    i.nrf24l01_enter_rx_mode  nrf24l01.o
    0x08002a40   0x08002a40   0x00000014   Code   RO          337    i.nrf24l01_get_chunk_data  nrf24l01_app.o
    0x08002a54   0x08002a54   0x00000094   Code   RO          446    i.nrf24l01_gpio_init  nrf24l01.o
    0x08002ae8   0x08002ae8   0x00000068   Code   RO          447    i.nrf24l01_init     nrf24l01.o
    0x08002b50   0x08002b50   0x00000054   Code   RO          450    i.nrf24l01_read_data_fifo  nrf24l01.o
    0x08002ba4   0x08002ba4   0x0000000a   Code   RO          453    i.nrf24l01_set_address_width  nrf24l01.o
    0x08002bae   0x08002bae   0x0000001e   Code   RO          454    i.nrf24l01_set_data_rate  nrf24l01.o
    0x08002bcc   0x08002bcc   0x00000074   Code   RO          455    i.nrf24l01_set_data_regs  nrf24l01.o
    0x08002c40   0x08002c40   0x00000008   Code   RO          457    i.nrf24l01_set_rx_address  nrf24l01.o
    0x08002c48   0x08002c48   0x0000000c   Code   RO          458    i.nrf24l01_set_static_payload_length  nrf24l01.o
    0x08002c54   0x08002c54   0x0000000a   Code   RO          460    i.nrf24l01_set_tx_address  nrf24l01.o
    0x08002c5e   0x08002c5e   0x00000002   PAD
    0x08002c60   0x08002c60   0x0000006c   Code   RO          461    i.nrf24l01_spi_init  nrf24l01.o
    0x08002ccc   0x08002ccc   0x00000020   Code   RO          338    i.nrf24l01_thread_app_init  nrf24l01_app.o
    0x08002cec   0x08002cec   0x000000c4   Code   RO          339    i.nrf24l01_thread_entry  nrf24l01_app.o
    0x08002db0   0x08002db0   0x0000000a   Code   RO          463    i.nrf24l01_txrx_control  nrf24l01.o
    0x08002dba   0x08002dba   0x00000002   PAD
    0x08002dbc   0x08002dbc   0x0000004c   Code   RO          464    i.nrf24l01_write_regs  nrf24l01.o
    0x08002e08   0x08002e08   0x00000034   Code   RO         4506    i.osDelay           cmsis_os2.o
    0x08002e3c   0x08002e3c   0x00000038   Code   RO         4520    i.osKernelInitialize  cmsis_os2.o
    0x08002e74   0x08002e74   0x00000040   Code   RO         4523    i.osKernelStart     cmsis_os2.o
    0x08002eb4   0x08002eb4   0x0000007c   Code   RO         4526    i.osMessageQueueGet  cmsis_os2.o
    0x08002f30   0x08002f30   0x00000074   Code   RO         4531    i.osMessageQueueNew  cmsis_os2.o
    0x08002fa4   0x08002fa4   0x00000080   Code   RO         4532    i.osMessageQueuePut  cmsis_os2.o
    0x08003024   0x08003024   0x0000003c   Code   RO         4533    i.osMessageQueueReset  cmsis_os2.o
    0x08003060   0x08003060   0x000000b0   Code   RO         4542    i.osSemaphoreNew    cmsis_os2.o
    0x08003110   0x08003110   0x00000070   Code   RO         4543    i.osSemaphoreRelease  cmsis_os2.o
    0x08003180   0x08003180   0x000000a4   Code   RO         4557    i.osThreadNew       cmsis_os2.o
    0x08003224   0x08003224   0x0000005c   Code   RO         4002    i.prvAddCurrentTaskToDelayedList  tasks.o
    0x08003280   0x08003280   0x000000d0   Code   RO         4003    i.prvAddNewTaskToReadyList  tasks.o
    0x08003350   0x08003350   0x00000058   Code   RO         4352    i.prvCheckForValidListAndQueue  timers.o
    0x080033a8   0x080033a8   0x00000026   Code   RO         3617    i.prvCopyDataFromQueue  queue.o
    0x080033ce   0x080033ce   0x0000006c   Code   RO         3618    i.prvCopyDataToQueue  queue.o
    0x0800343a   0x0800343a   0x00000034   Code   RO         4004    i.prvDeleteTCB      tasks.o
    0x0800346e   0x0800346e   0x00000002   PAD
    0x08003470   0x08003470   0x0000004c   Code   RO         4927    i.prvHeapInit       heap_4.o
    0x080034bc   0x080034bc   0x00000060   Code   RO         4005    i.prvIdleTask       tasks.o
    0x0800351c   0x0800351c   0x00000022   Code   RO         3620    i.prvInitialiseNewQueue  queue.o
    0x0800353e   0x0800353e   0x0000009c   Code   RO         4006    i.prvInitialiseNewTask  tasks.o
    0x080035da   0x080035da   0x00000002   PAD
    0x080035dc   0x080035dc   0x0000004c   Code   RO         4928    i.prvInsertBlockIntoFreeList  heap_4.o
    0x08003628   0x08003628   0x00000038   Code   RO         4354    i.prvInsertTimerInActiveList  timers.o
    0x08003660   0x08003660   0x0000001c   Code   RO         3621    i.prvIsQueueEmpty   queue.o
    0x0800367c   0x0800367c   0x000000cc   Code   RO         4355    i.prvProcessReceivedCommands  timers.o
    0x08003748   0x08003748   0x000000b4   Code   RO         4356    i.prvProcessTimerOrBlockTask  timers.o
    0x080037fc   0x080037fc   0x00000020   Code   RO         4008    i.prvResetNextTaskUnblockTime  tasks.o
    0x0800381c   0x0800381c   0x00000028   Code   RO         4357    i.prvSampleTimeNow  timers.o
    0x08003844   0x08003844   0x0000006c   Code   RO         4358    i.prvSwitchTimerLists  timers.o
    0x080038b0   0x080038b0   0x00000028   Code   RO         4977    i.prvTaskExitError  port.o
    0x080038d8   0x080038d8   0x00000024   Code   RO         4359    i.prvTimerTask      timers.o
    0x080038fc   0x080038fc   0x0000006a   Code   RO         3622    i.prvUnlockQueue    queue.o
    0x08003966   0x08003966   0x00000002   PAD
    0x08003968   0x08003968   0x000000d8   Code   RO         4929    i.pvPortMalloc      heap_4.o
    0x08003a40   0x08003a40   0x00000024   Code   RO         4978    i.pxPortInitialiseStack  port.o
    0x08003a64   0x08003a64   0x00000026   Code   RO         3577    i.uxListRemove      list.o
    0x08003a8a   0x08003a8a   0x00000002   PAD
    0x08003a8c   0x08003a8c   0x00000014   Code   RO         4569    i.vApplicationGetIdleTaskMemory  cmsis_os2.o
    0x08003aa0   0x08003aa0   0x00000018   Code   RO         4570    i.vApplicationGetTimerTaskMemory  cmsis_os2.o
    0x08003ab8   0x08003ab8   0x00000016   Code   RO         3578    i.vListInitialise   list.o
    0x08003ace   0x08003ace   0x00000006   Code   RO         3579    i.vListInitialiseItem  list.o
    0x08003ad4   0x08003ad4   0x00000030   Code   RO         3580    i.vListInsert       list.o
    0x08003b04   0x08003b04   0x00000018   Code   RO         3581    i.vListInsertEnd    list.o
    0x08003b1c   0x08003b1c   0x00000040   Code   RO         4980    i.vPortEnterCritical  port.o
    0x08003b5c   0x08003b5c   0x00000028   Code   RO         4981    i.vPortExitCritical  port.o
    0x08003b84   0x08003b84   0x0000005c   Code   RO         4930    i.vPortFree         heap_4.o
    0x08003be0   0x08003be0   0x00000024   Code   RO         4982    i.vPortSetupTimerInterrupt  port.o
    0x08003c04   0x08003c04   0x00000054   Code   RO         4983    i.vPortValidateInterruptPriority  port.o
    0x08003c58   0x08003c58   0x00000028   Code   RO         3628    i.vQueueAddToRegistry  queue.o
    0x08003c80   0x08003c80   0x0000002e   Code   RO         3629    i.vQueueDelete      queue.o
    0x08003cae   0x08003cae   0x00000002   PAD
    0x08003cb0   0x08003cb0   0x00000028   Code   RO         3631    i.vQueueUnregisterQueue  queue.o
    0x08003cd8   0x08003cd8   0x00000044   Code   RO         3632    i.vQueueWaitForMessageRestricted  queue.o
    0x08003d1c   0x08003d1c   0x0000004c   Code   RO         4020    i.vTaskDelay        tasks.o
    0x08003d68   0x08003d68   0x00000010   Code   RO         4025    i.vTaskInternalSetTimeOutState  tasks.o
    0x08003d78   0x08003d78   0x0000000c   Code   RO         4026    i.vTaskMissedYield  tasks.o
    0x08003d84   0x08003d84   0x00000030   Code   RO         4028    i.vTaskPlaceOnEventList  tasks.o
    0x08003db4   0x08003db4   0x00000038   Code   RO         4029    i.vTaskPlaceOnEventListRestricted  tasks.o
    0x08003dec   0x08003dec   0x00000088   Code   RO         4037    i.vTaskStartScheduler  tasks.o
    0x08003e74   0x08003e74   0x00000010   Code   RO         4039    i.vTaskSuspendAll   tasks.o
    0x08003e84   0x08003e84   0x00000064   Code   RO         4040    i.vTaskSwitchContext  tasks.o
    0x08003ee8   0x08003ee8   0x000000a8   Code   RO         4984    i.xPortStartScheduler  port.o
    0x08003f90   0x08003f90   0x0000002c   Code   RO         4985    i.xPortSysTickHandler  port.o
    0x08003fbc   0x08003fbc   0x0000003a   Code   RO         3633    i.xQueueCreateCountingSemaphore  queue.o
    0x08003ff6   0x08003ff6   0x00000040   Code   RO         3634    i.xQueueCreateCountingSemaphoreStatic  queue.o
    0x08004036   0x08004036   0x00000048   Code   RO         3637    i.xQueueGenericCreate  queue.o
    0x0800407e   0x0800407e   0x00000066   Code   RO         3638    i.xQueueGenericCreateStatic  queue.o
    0x080040e4   0x080040e4   0x00000088   Code   RO         3639    i.xQueueGenericReset  queue.o
    0x0800416c   0x0800416c   0x00000160   Code   RO         3640    i.xQueueGenericSend  queue.o
    0x080042cc   0x080042cc   0x000000bc   Code   RO         3641    i.xQueueGenericSendFromISR  queue.o
    0x08004388   0x08004388   0x0000009c   Code   RO         3644    i.xQueueGiveFromISR  queue.o
    0x08004424   0x08004424   0x00000138   Code   RO         3650    i.xQueueReceive     queue.o
    0x0800455c   0x0800455c   0x0000009a   Code   RO         3651    i.xQueueReceiveFromISR  queue.o
    0x080045f6   0x080045f6   0x00000002   PAD
    0x080045f8   0x080045f8   0x00000074   Code   RO         4041    i.xTaskCheckForTimeOut  tasks.o
    0x0800466c   0x0800466c   0x0000005a   Code   RO         4042    i.xTaskCreate       tasks.o
    0x080046c6   0x080046c6   0x00000056   Code   RO         4043    i.xTaskCreateStatic  tasks.o
    0x0800471c   0x0800471c   0x0000001c   Code   RO         4047    i.xTaskGetSchedulerState  tasks.o
    0x08004738   0x08004738   0x0000000c   Code   RO         4048    i.xTaskGetTickCount  tasks.o
    0x08004744   0x08004744   0x000000c8   Code   RO         4050    i.xTaskIncrementTick  tasks.o
    0x0800480c   0x0800480c   0x00000080   Code   RO         4053    i.xTaskPriorityDisinherit  tasks.o
    0x0800488c   0x0800488c   0x00000070   Code   RO         4055    i.xTaskRemoveFromEventList  tasks.o
    0x080048fc   0x080048fc   0x000000c4   Code   RO         4056    i.xTaskResumeAll    tasks.o
    0x080049c0   0x080049c0   0x00000060   Code   RO         4366    i.xTimerCreateTimerTask  timers.o
    0x08004a20   0x08004a20   0x00000068   Code   RO         4367    i.xTimerGenericCommand  timers.o
    0x08004a88   0x08004a88   0x00000024   Data   RO          341    .constdata          nrf24l01_app.o
    0x08004aac   0x08004aac   0x00000024   Data   RO          398    .constdata          car_control_app.o
    0x08004ad0   0x08004ad0   0x00000010   Data   RO         3413    .constdata          system_stm32f1xx.o
    0x08004ae0   0x08004ae0   0x00000008   Data   RO         3414    .constdata          system_stm32f1xx.o
    0x08004ae8   0x08004ae8   0x00000004   Data   RO         5146    .constdata          c_w.l(sys_io.o)
    0x08004aec   0x08004aec   0x00000004   Data   RO         5147    .constdata          c_w.l(sys_io.o)
    0x08004af0   0x08004af0   0x00000004   Data   RO         5148    .constdata          c_w.l(sys_io.o)
    0x08004af4   0x08004af4   0x00000010   Data   RO          342    .conststring        nrf24l01_app.o
    0x08004b04   0x08004b04   0x00000013   Data   RO          399    .conststring        car_control_app.o
    0x08004b17   0x08004b17   0x00000001   PAD
    0x08004b18   0x08004b18   0x00000020   Data   RO         5425    Region$$Table       anon$$obj.o


    Execution Region RW_IRAM1 (Exec base: 0x20000000, Load base: 0x08004b38, Size: 0x00002260, Max: 0x00005000, ABSOLUTE)

    Exec Addr    Load Addr    Size         Type   Attr      Idx    E Section Name        Object

    0x20000000   0x08004b38   0x00000008   Data   RW          343    .data               nrf24l01_app.o
    0x20000008   0x08004b40   0x00000004   Data   RW          400    .data               car_control_app.o
    0x2000000c   0x08004b44   0x00000008   Data   RW          466    .data               nrf24l01.o
    0x20000014   0x08004b4c   0x0000000c   Data   RW          809    .data               stm32f1xx_hal.o
    0x20000020   0x08004b58   0x00000004   Data   RW         3415    .data               system_stm32f1xx.o
    0x20000024   0x08004b5c   0x0000003c   Data   RW         4059    .data               tasks.o
    0x20000060   0x08004b98   0x00000014   Data   RW         4375    .data               timers.o
    0x20000074   0x08004bac   0x00000004   Data   RW         4572    .data               cmsis_os2.o
    0x20000078   0x08004bb0   0x00000018   Data   RW         4935    .data               heap_4.o
    0x20000090   0x08004bc8   0x0000000c   Data   RW         4986    .data               port.o
    0x2000009c   0x08004bd4   0x00000004   Data   RW         5113    .data               c_w.l(stdio_streams.o)
    0x200000a0   0x08004bd8   0x00000004   Data   RW         5114    .data               c_w.l(stdio_streams.o)
    0x200000a4   0x08004bdc   0x00000004   Data   RW         5115    .data               c_w.l(stdio_streams.o)
    0x200000a8        -       0x000000a4   Zero   RW          340    .bss                nrf24l01_app.o
    0x2000014c        -       0x00000058   Zero   RW          465    .bss                nrf24l01.o
    0x200001a4        -       0x00000048   Zero   RW          631    .bss                car_control.o
    0x200001ec        -       0x00000044   Zero   RW          692    .bss                log_debug.o
    0x20000230        -       0x00000040   Zero   RW         3654    .bss                queue.o
    0x20000270        -       0x000004c4   Zero   RW         4058    .bss                tasks.o
    0x20000734        -       0x00000118   Zero   RW         4374    .bss                timers.o
    0x2000084c        -       0x000006b8   Zero   RW         4571    .bss                cmsis_os2.o
    0x20000f04        -       0x00000c00   Zero   RW         4934    .bss                heap_4.o
    0x20001b04        -       0x00000054   Zero   RW         5110    .bss                c_w.l(stdio_streams.o)
    0x20001b58        -       0x00000054   Zero   RW         5111    .bss                c_w.l(stdio_streams.o)
    0x20001bac        -       0x00000054   Zero   RW         5112    .bss                c_w.l(stdio_streams.o)
    0x20001c00        -       0x00000060   Zero   RW         5299    .bss                c_w.l(libspace.o)
    0x20001c60        -       0x00000200   Zero   RW          427    HEAP                startup_stm32f103xb.o
    0x20001e60        -       0x00000400   Zero   RW          426    STACK               startup_stm32f103xb.o


==============================================================================

Image component sizes


      Code (inc. data)   RO Data    RW Data    ZI Data      Debug   Object Name

       546         98          0          0         72       3856   car_control.o
       124         46         55          4          0       1858   car_control_app.o
      1096         74          0          4       1720      23670   cmsis_os2.o
         0          0          0          0          0      20200   event_groups.o
         0          0          0          0          0       2648   freertos.o
       460         24          0         24       3072       4707   heap_4.o
       138          0          0          0          0       3430   list.o
       238         86          0          0         68       3134   log_debug.o
       396        192          0          0          0     448176   main.o
       996        152          0          8         88      12498   nrf24l01.o
       248        106         52          8        164      12753   nrf24l01_app.o
       662         70          0         12          0      10897   port.o
      2102         24          0          0         64      21618   queue.o
        64         26        236          0       1536        784   startup_stm32f103xb.o
       128         24          0         12          0       5341   stm32f1xx_hal.o
       232         14          0          0          0      29645   stm32f1xx_hal_cortex.o
       742         58          0          0          0       3874   stm32f1xx_hal_gpio.o
        78         10          0          0          0       2267   stm32f1xx_hal_msp.o
      1272        100          0          0          0       5228   stm32f1xx_hal_rcc.o
      1280          4          0          0          0       6881   stm32f1xx_hal_spi.o
       904         46          0          0          0       8404   stm32f1xx_hal_tim.o
       104         12          0          0          0       1336   stm32f1xx_hal_tim_ex.o
       560          6          0          0          0       3968   stm32f1xx_hal_uart.o
        60          6          0          0          0       3594   stm32f1xx_it.o
         0          0          0          0          0       8508   stream_buffer.o
         2          0         24          4          0       1131   system_stm32f1xx.o
      2064        170          0         60       1220      23380   tasks.o
       912         82          0         20        280      26079   timers.o

    ----------------------------------------------------------------------
     15440       1430        400        156       8284     699865   Object Totals
         0          0         32          0          0          0   (incl. Generated)
        32          0          1          0          0          0   (incl. Padding)

    ----------------------------------------------------------------------

      Code (inc. data)   RO Data    RW Data    ZI Data      Debug   Library Member Name

         8          0          0          0          0         68   __main.o
       104          0          0          0          0         84   __printf.o
         0          0          0          0          0          0   __rtentry.o
        12          0          0          0          0          0   __rtentry2.o
         6          0          0          0          0          0   __rtentry4.o
        52          8          0          0          0          0   __scatter.o
        26          0          0          0          0          0   __scatter_copy.o
        28          0          0          0          0          0   __scatter_zi.o
        44          0          0          0          0        108   _printf_char.o
        48          6          0          0          0         96   _printf_char_common.o
        36          4          0          0          0         80   _printf_char_file.o
         6          0          0          0          0          0   _printf_d.o
       120         16          0          0          0         92   _printf_dec.o
       178          0          0          0          0         88   _printf_intcommon.o
         0          0          0          0          0          0   _printf_percent.o
         4          0          0          0          0          0   _printf_percent_end.o
         6          0          0          0          0          0   _printf_s.o
        82          0          0          0          0         80   _printf_str.o
        16          0          0          0          0         68   aeabi_memset.o
        10          0          0          0          0         68   defsig_exit.o
        50          0          0          0          0         88   defsig_general.o
        80         58          0          0          0         76   defsig_rtmem_inner.o
        14          0          0          0          0         80   defsig_rtmem_outer.o
        52         38          0          0          0         76   defsig_rtred_inner.o
        14          0          0          0          0         80   defsig_rtred_outer.o
        18          0          0          0          0         80   exit.o
        76          0          0          0          0         88   fclose.o
         8          0          0          0          0         68   ferror.o
       236          4          0          0          0        128   fopen.o
       248          6          0          0          0         84   fseek.o
        66          0          0          0          0         76   ftell.o
        94          0          0          0          0         80   h1_alloc.o
        52          0          0          0          0         68   h1_extend.o
        78          0          0          0          0         80   h1_free.o
        14          0          0          0          0         84   h1_init.o
         6          0          0          0          0        152   heapauxi.o
         4          0          0          0          0        136   hguard.o
         0          0          0          0          0          0   indicate_semi.o
       138          0          0          0          0        168   init_alloc.o
       312         46          0          0          0        112   initio.o
         2          0          0          0          0          0   libinit.o
        14          0          0          0          0          0   libinit2.o
         2          0          0          0          0          0   libshutdown.o
         6          0          0          0          0          0   libshutdown2.o
         8          4          0          0         96         68   libspace.o
         0          0          0          0          0          0   maybetermalloc1.o
        24          4          0          0          0         84   noretval__2printf.o
         8          4          0          0          0         68   rt_errno_addr_intlibspace.o
         8          4          0          0          0         68   rt_heap_descriptor_intlibspace.o
        68          0          0          0          0         68   rt_memclr.o
        78          0          0          0          0         80   rt_memclr_w.o
       138          0          0          0          0         68   rt_memcpy_v6.o
       100          0          0          0          0         80   rt_memcpy_w.o
         2          0          0          0          0          0   rtexit.o
        10          0          0          0          0          0   rtexit2.o
        70          0          0          0          0         80   setvbuf.o
       240          6          0          0          0        156   stdio.o
         0          0          0         12        252          0   stdio_streams.o
        62          0          0          0          0         76   strlen.o
        12          4          0          0          0         68   sys_exit.o
       102          0         12          0          0        240   sys_io.o
        74          0          0          0          0         80   sys_stackheap_outer.o
        14          0          0          0          0         76   sys_wrch.o
         2          0          0          0          0         68   use_no_semi.o

    ----------------------------------------------------------------------
      3404        212         12         12        348       4064   Library Totals
        14          0          0          0          0          0   (incl. Padding)

    ----------------------------------------------------------------------

      Code (inc. data)   RO Data    RW Data    ZI Data      Debug   Library Name

      3390        212         12         12        348       4064   c_w.l

    ----------------------------------------------------------------------
      3404        212         12         12        348       4064   Library Totals

    ----------------------------------------------------------------------

==============================================================================


      Code (inc. data)   RO Data    RW Data    ZI Data      Debug   

     18844       1642        412        168       8632     693317   Grand Totals
     18844       1642        412        168       8632     693317   ELF Image Totals
     18844       1642        412        168          0          0   ROM Totals

==============================================================================

    Total RO  Size (Code + RO Data)                19256 (  18.80kB)
    Total RW  Size (RW Data + ZI Data)              8800 (   8.59kB)
    Total ROM Size (Code + RO Data + RW Data)      19424 (  18.97kB)

==============================================================================

